Archive member included to satisfy reference by file (symbol)

c:/program files (x86)/atollic/truestudio for arm 8.0.0/armtools/bin/../lib/gcc/arm-atollic-eabi/6.3.1/../../../../arm-atollic-eabi/lib/armv7e-m/fpu\libc_nano.a(lib_a-init.o)
                              Application\TrueSTUDIO\startup_stm32f429xx.o (__libc_init_array)
c:/program files (x86)/atollic/truestudio for arm 8.0.0/armtools/bin/../lib/gcc/arm-atollic-eabi/6.3.1/../../../../arm-atollic-eabi/lib/armv7e-m/fpu\libc_nano.a(lib_a-memset.o)
                              Sprite\Sprite.o (memset)
c:/program files (x86)/atollic/truestudio for arm 8.0.0/armtools/bin/../lib/gcc/arm-atollic-eabi/6.3.1/../../../../arm-atollic-eabi/lib/armv7e-m/fpu\libc_nano.a(lib_a-sprintf.o)
                              Sprite\Sprite.o (sprintf)
c:/program files (x86)/atollic/truestudio for arm 8.0.0/armtools/bin/../lib/gcc/arm-atollic-eabi/6.3.1/../../../../arm-atollic-eabi/lib/armv7e-m/fpu\libc_nano.a(lib_a-strlen.o)
                              Display\Graphics.o (strlen)
c:/program files (x86)/atollic/truestudio for arm 8.0.0/armtools/bin/../lib/gcc/arm-atollic-eabi/6.3.1/../../../../arm-atollic-eabi/lib/armv7e-m/fpu\libc_nano.a(lib_a-impure.o)
                              c:/program files (x86)/atollic/truestudio for arm 8.0.0/armtools/bin/../lib/gcc/arm-atollic-eabi/6.3.1/../../../../arm-atollic-eabi/lib/armv7e-m/fpu\libc_nano.a(lib_a-sprintf.o) (_impure_ptr)
c:/program files (x86)/atollic/truestudio for arm 8.0.0/armtools/bin/../lib/gcc/arm-atollic-eabi/6.3.1/../../../../arm-atollic-eabi/lib/armv7e-m/fpu\libc_nano.a(lib_a-nano-svfprintf.o)
                              c:/program files (x86)/atollic/truestudio for arm 8.0.0/armtools/bin/../lib/gcc/arm-atollic-eabi/6.3.1/../../../../arm-atollic-eabi/lib/armv7e-m/fpu\libc_nano.a(lib_a-sprintf.o) (_svfprintf_r)
c:/program files (x86)/atollic/truestudio for arm 8.0.0/armtools/bin/../lib/gcc/arm-atollic-eabi/6.3.1/../../../../arm-atollic-eabi/lib/armv7e-m/fpu\libc_nano.a(lib_a-nano-vfprintf_i.o)
                              c:/program files (x86)/atollic/truestudio for arm 8.0.0/armtools/bin/../lib/gcc/arm-atollic-eabi/6.3.1/../../../../arm-atollic-eabi/lib/armv7e-m/fpu\libc_nano.a(lib_a-nano-svfprintf.o) (_printf_i)
c:/program files (x86)/atollic/truestudio for arm 8.0.0/armtools/bin/../lib/gcc/arm-atollic-eabi/6.3.1/../../../../arm-atollic-eabi/lib/armv7e-m/fpu\libc_nano.a(lib_a-memchr.o)
                              c:/program files (x86)/atollic/truestudio for arm 8.0.0/armtools/bin/../lib/gcc/arm-atollic-eabi/6.3.1/../../../../arm-atollic-eabi/lib/armv7e-m/fpu\libc_nano.a(lib_a-nano-svfprintf.o) (memchr)
c:/program files (x86)/atollic/truestudio for arm 8.0.0/armtools/bin/../lib/gcc/arm-atollic-eabi/6.3.1/../../../../arm-atollic-eabi/lib/armv7e-m/fpu\libc_nano.a(lib_a-memcpy-stub.o)
                              c:/program files (x86)/atollic/truestudio for arm 8.0.0/armtools/bin/../lib/gcc/arm-atollic-eabi/6.3.1/../../../../arm-atollic-eabi/lib/armv7e-m/fpu\libc_nano.a(lib_a-nano-svfprintf.o) (memcpy)
c:/program files (x86)/atollic/truestudio for arm 8.0.0/armtools/bin/../lib/gcc/arm-atollic-eabi/6.3.1/../../../../arm-atollic-eabi/lib/armv7e-m/fpu\libc_nano.a(lib_a-memmove.o)
                              c:/program files (x86)/atollic/truestudio for arm 8.0.0/armtools/bin/../lib/gcc/arm-atollic-eabi/6.3.1/../../../../arm-atollic-eabi/lib/armv7e-m/fpu\libc_nano.a(lib_a-nano-svfprintf.o) (memmove)
c:/program files (x86)/atollic/truestudio for arm 8.0.0/armtools/bin/../lib/gcc/arm-atollic-eabi/6.3.1/../../../../arm-atollic-eabi/lib/armv7e-m/fpu\libc_nano.a(lib_a-nano-freer.o)
                              c:/program files (x86)/atollic/truestudio for arm 8.0.0/armtools/bin/../lib/gcc/arm-atollic-eabi/6.3.1/../../../../arm-atollic-eabi/lib/armv7e-m/fpu\libc_nano.a(lib_a-nano-svfprintf.o) (_free_r)
c:/program files (x86)/atollic/truestudio for arm 8.0.0/armtools/bin/../lib/gcc/arm-atollic-eabi/6.3.1/../../../../arm-atollic-eabi/lib/armv7e-m/fpu\libc_nano.a(lib_a-nano-mallocr.o)
                              c:/program files (x86)/atollic/truestudio for arm 8.0.0/armtools/bin/../lib/gcc/arm-atollic-eabi/6.3.1/../../../../arm-atollic-eabi/lib/armv7e-m/fpu\libc_nano.a(lib_a-nano-svfprintf.o) (_malloc_r)
c:/program files (x86)/atollic/truestudio for arm 8.0.0/armtools/bin/../lib/gcc/arm-atollic-eabi/6.3.1/../../../../arm-atollic-eabi/lib/armv7e-m/fpu\libc_nano.a(lib_a-nano-reallocr.o)
                              c:/program files (x86)/atollic/truestudio for arm 8.0.0/armtools/bin/../lib/gcc/arm-atollic-eabi/6.3.1/../../../../arm-atollic-eabi/lib/armv7e-m/fpu\libc_nano.a(lib_a-nano-svfprintf.o) (_realloc_r)
c:/program files (x86)/atollic/truestudio for arm 8.0.0/armtools/bin/../lib/gcc/arm-atollic-eabi/6.3.1/../../../../arm-atollic-eabi/lib/armv7e-m/fpu\libc_nano.a(lib_a-sbrkr.o)
[...]
Memory Configuration

Name             Origin             Length             Attributes
RAM              0x20000000         0x00030000         xrw
CCMRAM           0x10000000         0x00010000         rw
FLASH            0x08000000         0x00200000         xr
*default*        0x00000000         0xffffffff

Linker script and memory map

LOAD c:/program files (x86)/atollic/truestudio for arm 8.0.0/armtools/bin/../lib/gcc/arm-atollic-eabi/6.3.1/armv7e-m/fpu/crti.o
LOAD c:/program files (x86)/atollic/truestudio for arm 8.0.0/armtools/bin/../lib/gcc/arm-atollic-eabi/6.3.1/armv7e-m/fpu/crtbegin.o
LOAD Application\TrueSTUDIO\startup_stm32f429xx.o
LOAD Application\User\adc.o
LOAD Application\User\dac.o
LOAD Application\User\dma.o
LOAD Application\User\fmc.o
LOAD Application\User\gpio.o
LOAD Application\User\i2c.o
LOAD Application\User\ltdc.o
LOAD Application\User\main.o
LOAD Application\User\spi.o
LOAD Application\User\stm32f4xx_hal_msp.o
LOAD Application\User\stm32f4xx_hal_timebase_TIM.o
LOAD Application\User\stm32f4xx_it.o
LOAD Application\User\tim.o
LOAD Application\User\usart.o
LOAD Bitmap\imgBall.o
LOAD Bitmap\imgPlayer.o
LOAD Bitmap\imgTile.o
LOAD Bitmap\imgTileBlank.o
LOAD Controls\SlidePot.o
LOAD Display\Graphics.o
LOAD Display\Memory.o
LOAD Display\ili9341.o
LOAD Display\stm32f429i_discovery.o
LOAD Drivers\CMSIS\system_stm32f4xx.o
LOAD Drivers\STM32F4xx_HAL_Driver\stm32f4xx_hal.o
LOAD Drivers\STM32F4xx_HAL_Driver\stm32f4xx_hal_adc.o
LOAD Drivers\STM32F4xx_HAL_Driver\stm32f4xx_hal_adc_ex.o
LOAD Drivers\STM32F4xx_HAL_Driver\stm32f4xx_hal_cortex.o
LOAD Drivers\STM32F4xx_HAL_Driver\stm32f4xx_hal_dac.o
LOAD Drivers\STM32F4xx_HAL_Driver\stm32f4xx_hal_dac_ex.o
LOAD Drivers\STM32F4xx_HAL_Driver\stm32f4xx_hal_dma.o
LOAD Drivers\STM32F4xx_HAL_Driver\stm32f4xx_hal_dma_ex.o
LOAD Drivers\STM32F4xx_HAL_Driver\stm32f4xx_hal_dsi.o
LOAD Drivers\STM32F4xx_HAL_Driver\stm32f4xx_hal_flash.o
LOAD Drivers\STM32F4xx_HAL_Driver\stm32f4xx_hal_flash_ex.o
LOAD Drivers\STM32F4xx_HAL_Driver\stm32f4xx_hal_flash_ramfunc.o
LOAD Drivers\STM32F4xx_HAL_Driver\stm32f4xx_hal_gpio.o
LOAD Drivers\STM32F4xx_HAL_Driver\stm32f4xx_hal_i2c.o
LOAD Drivers\STM32F4xx_HAL_Driver\stm32f4xx_hal_i2c_ex.o
LOAD Drivers\STM32F4xx_HAL_Driver\stm32f4xx_hal_ltdc.o
LOAD Drivers\STM32F4xx_HAL_Driver\stm32f4xx_hal_ltdc_ex.o
LOAD Drivers\STM32F4xx_HAL_Driver\stm32f4xx_hal_pwr.o
LOAD Drivers\STM32F4xx_HAL_Driver\stm32f4xx_hal_pwr_ex.o
LOAD Drivers\STM32F4xx_HAL_Driver\stm32f4xx_hal_rcc.o
LOAD Drivers\STM32F4xx_HAL_Driver\stm32f4xx_hal_rcc_ex.o
LOAD Drivers\STM32F4xx_HAL_Driver\stm32f4xx_hal_sdram.o
LOAD Drivers\STM32F4xx_HAL_Driver\stm32f4xx_hal_spi.o
LOAD Drivers\STM32F4xx_HAL_Driver\stm32f4xx_hal_tim.o
LOAD Drivers\STM32F4xx_HAL_Driver\stm32f4xx_hal_tim_ex.o
LOAD Drivers\STM32F4xx_HAL_Driver\stm32f4xx_hal_uart.o
LOAD Drivers\STM32F4xx_HAL_Driver\stm32f4xx_ll_fmc.o
LOAD Fonts\fonts.o
LOAD Sound\Sound.o
LOAD Sound\wavDroppedBall.o
LOAD Sound\wavGameOver.o
LOAD Sound\wavLevelUp.o
LOAD Sound\wavPlayerBounce.o
LOAD Sound\wavTileBounce.o
LOAD Sound\wavWallBounce.o
LOAD Sprite\Sprite.o
LOAD Tables\angle.o
LOAD TouchPanel\TouchPanel.o
                0x00000080                malloc_getpagesize_P = 0x80
START GROUP
LOAD c:/program files (x86)/atollic/truestudio for arm 8.0.0/armtools/bin/../lib/gcc/arm-atollic-eabi/6.3.1/../../../../arm-atollic-eabi/lib/armv7e-m/fpu\libc_nano.a
LOAD c:/program files (x86)/atollic/truestudio for arm 8.0.0/armtools/bin/../lib/gcc/arm-atollic-eabi/6.3.1/../../../../arm-atollic-eabi/lib/armv7e-m/fpu\libm.a
END GROUP
START GROUP
LOAD c:/program files (x86)/atollic/truestudio for arm 8.0.0/armtools/bin/../lib/gcc/arm-atollic-eabi/6.3.1/armv7e-m/fpu\libgcc.a
LOAD c:/program files (x86)/atollic/truestudio for arm 8.0.0/armtools/bin/../lib/gcc/arm-atollic-eabi/6.3.1/../../../../arm-atollic-eabi/lib/armv7e-m/fpu\libc_nano.a
END GROUP
START GROUP
LOAD c:/program files (x86)/atollic/truestudio for arm 8.0.0/armtools/bin/../lib/gcc/arm-atollic-eabi/6.3.1/armv7e-m/fpu\libgcc.a
LOAD c:/program files (x86)/atollic/truestudio for arm 8.0.0/armtools/bin/../lib/gcc/arm-atollic-eabi/6.3.1/../../../../arm-atollic-eabi/lib/armv7e-m/fpu\libc_nano.a
LOAD c:/program files (x86)/atollic/truestudio for arm 8.0.0/armtools/bin/../lib/gcc/arm-atollic-eabi/6.3.1/../../../../arm-atollic-eabi/lib/armv7e-m/fpu\libnosys.a
END GROUP
START GROUP
LOAD c:/program files (x86)/atollic/truestudio for arm 8.0.0/armtools/bin/../lib/gcc/arm-atollic-eabi/6.3.1/armv7e-m/fpu\libgcc.a
LOAD c:/program files (x86)/atollic/truestudio for arm 8.0.0/armtools/bin/../lib/gcc/arm-atollic-eabi/6.3.1/../../../../arm-atollic-eabi/lib/armv7e-m/fpu\libc_nano.a
LOAD c:/program files (x86)/atollic/truestudio for arm 8.0.0/armtools/bin/../lib/gcc/arm-atollic-eabi/6.3.1/../../../../arm-atollic-eabi/lib/armv7e-m/fpu\libnosys.a
END GROUP
LOAD c:/program files (x86)/atollic/truestudio for arm 8.0.0/armtools/bin/../lib/gcc/arm-atollic-eabi/6.3.1/armv7e-m/fpu/crtend.o
LOAD c:/program files (x86)/atollic/truestudio for arm 8.0.0/armtools/bin/../lib/gcc/arm-atollic-eabi/6.3.1/armv7e-m/fpu/crtn.o
                0x20030000                _estack = 0x20030000
                0x00000200                _Min_Heap_Size = 0x200
                0x00000400                _Min_Stack_Size = 0x400

.isr_vector     0x08000000      0x1ac
                0x08000000                . = ALIGN (0x4)
 *(.isr_vector)
 .isr_vector    0x08000000      0x1ac Application\TrueSTUDIO\startup_stm32f429xx.o
                0x08000000                g_pfnVectors
                0x080001ac                . = ALIGN (0x4)

.text           0x080001b0     0x70a8
                0x080001b0                . = ALIGN (0x4)
 *(.text)
 .text          0x080001b0       0x40 c:/program files (x86)/atollic/truestudio for arm 8.0.0/armtools/bin/../lib/gcc/arm-atollic-eabi/6.3.1/armv7e-m/fpu/crtbegin.o
 .text          0x080001f0       0x10 c:/program files (x86)/atollic/truestudio for arm 8.0.0/armtools/bin/../lib/gcc/arm-atollic-eabi/6.3.1/../../../../arm-atollic-eabi/lib/armv7e-m/fpu\libc_nano.a(lib_a-strlen.o)
                0x080001f0                strlen
 .text          0x08000200       0xa0 c:/program files (x86)/atollic/truestudio for arm 8.0.0/armtools/bin/../lib/gcc/arm-atollic-eabi/6.3.1/../../../../arm-atollic-eabi/lib/armv7e-m/fpu\libc_nano.a(lib_a-memchr.o)
                0x08000200                memchr
 *(.text*)
 .text.Reset_Handler
                0x080002a0       0x50 Application\TrueSTUDIO\startup_stm32f429xx.o
                0x080002a0                Reset_Handler
 .text.Default_Handler
                0x080002f0        0x2 Application\TrueSTUDIO\startup_stm32f429xx.o
                0x080002f0                RTC_Alarm_IRQHandler
                0x080002f0                HASH_RNG_IRQHandler
                0x080002f0                EXTI2_IRQHandler
                0x080002f0                TIM8_CC_IRQHandler
                0x080002f0                DebugMon_Handler
                0x080002f0                UART8_IRQHandler
                0x080002f0                SPI4_IRQHandler
                0x080002f0                TIM1_CC_IRQHandler
                0x080002f0                DMA2_Stream5_IRQHandler
                0x080002f0                HardFault_Handler
                0x080002f0                DMA1_Stream5_IRQHandler
                0x080002f0                PVD_IRQHandler
                0x080002f0                SDIO_IRQHandler
                0x080002f0                TAMP_STAMP_IRQHandler
                0x080002f0                NMI_Handler
                0x080002f0                CAN2_RX1_IRQHandler
                0x080002f0                EXTI3_IRQHandler
                0x080002f0                TIM8_TRG_COM_TIM14_IRQHandler
                0x080002f0                TIM8_UP_TIM13_IRQHandler
                0x080002f0                I2C3_ER_IRQHandler
                0x080002f0                EXTI0_IRQHandler
                0x080002f0                I2C2_EV_IRQHandler
                0x080002f0                DMA1_Stream2_IRQHandler
                0x080002f0                CAN1_RX0_IRQHandler
                0x080002f0                FPU_IRQHandler
                0x080002f0                OTG_HS_WKUP_IRQHandler
                0x080002f0                UsageFault_Handler
                0x080002f0                CAN2_SCE_IRQHandler
                0x080002f0                SPI1_IRQHandler
                0x080002f0                TIM1_BRK_TIM9_IRQHandler
                0x080002f0                DCMI_IRQHandler
                0x080002f0                CAN2_RX0_IRQHandler
                0x080002f0                DMA2_Stream3_IRQHandler
                0x080002f0                USART6_IRQHandler
                0x080002f0                USART3_IRQHandler
                0x080002f0                CAN1_RX1_IRQHandler
                0x080002f0                UART5_IRQHandler
                0x080002f0                TIM4_IRQHandler
                0x080002f0                I2C1_EV_IRQHandler
                0x080002f0                DMA1_Stream6_IRQHandler
                0x080002f0                DMA1_Stream1_IRQHandler
                0x080002f0                UART4_IRQHandler
                0x080002f0                TIM3_IRQHandler
                0x080002f0                RCC_IRQHandler
                0x080002f0                TIM8_BRK_TIM12_IRQHandler
                0x080002f0                Default_Handler
                0x080002f0                ADC_IRQHandler
                0x080002f0                DMA1_Stream7_IRQHandler
                0x080002f0                SPI5_IRQHandler
                0x080002f0                CAN2_TX_IRQHandler
                0x080002f0                TIM5_IRQHandler
                0x080002f0                DMA2_Stream7_IRQHandler
                0x080002f0                I2C3_EV_IRQHandler
                0x080002f0                EXTI9_5_IRQHandler
                0x080002f0                RTC_WKUP_IRQHandler
                0x080002f0                ETH_WKUP_IRQHandler
                0x080002f0                SPI2_IRQHandler
                0x080002f0                OTG_HS_EP1_IN_IRQHandler
                0x080002f0                MemManage_Handler
                0x080002f0                DMA1_Stream0_IRQHandler
                0x080002f0                CAN1_TX_IRQHandler
                0x080002f0                EXTI4_IRQHandler
                0x080002f0                ETH_IRQHandler
                0x080002f0                OTG_HS_EP1_OUT_IRQHandler
                0x080002f0                WWDG_IRQHandler
                0x080002f0                SPI6_IRQHandler
                0x080002f0                TIM2_IRQHandler
                0x080002f0                OTG_FS_WKUP_IRQHandler
                0x080002f0                TIM1_TRG_COM_TIM11_IRQHandler
                0x080002f0                OTG_HS_IRQHandler
                0x080002f0                DMA2D_IRQHandler
                0x080002f0                EXTI1_IRQHandler
                0x080002f0                UART7_IRQHandler
                0x080002f0                USART2_IRQHandler
                0x080002f0                I2C2_ER_IRQHandler
                0x080002f0                DMA2_Stream1_IRQHandler
                0x080002f0                CAN1_SCE_IRQHandler
                0x080002f0                FLASH_IRQHandler
                0x080002f0                DMA2_Stream4_IRQHandler
                0x080002f0                BusFault_Handler
                0x080002f0                OTG_FS_IRQHandler
                0x080002f0                SPI3_IRQHandler
                0x080002f0                DMA1_Stream4_IRQHandler
                0x080002f0                I2C1_ER_IRQHandler
                0x080002f0                DMA2_Stream6_IRQHandler
                0x080002f0                SAI1_IRQHandler
                0x080002f0                DMA1_Stream3_IRQHandler
 *fill*         0x080002f2        0x2 
 .text.MX_ADC1_Init
                0x080002f4       0x68 Application\User\adc.o
                0x080002f4                MX_ADC1_Init
 .text.HAL_ADC_MspInit
                0x0800035c       0x90 Application\User\adc.o
                0x0800035c                HAL_ADC_MspInit
 .text.MX_DAC_Init
                0x080003ec       0x44 Application\User\dac.o
                0x080003ec                MX_DAC_Init
 .text.HAL_DAC_MspInit
                0x08000430       0x54 Application\User\dac.o
                0x08000430                HAL_DAC_MspInit
 .text.MX_DMA_Init
                0x08000484       0x44 Application\User\dma.o
                0x08000484                MX_DMA_Init
 .text.MX_FMC_Init
                0x080004c8       0x6c Application\User\fmc.o
                0x080004c8                MX_FMC_Init
 .text.HAL_SDRAM_MspInit
                0x08000534       0xe8 Application\User\fmc.o
                0x08000534                HAL_SDRAM_MspInit
 .text.MX_GPIO_Init
                0x0800061c      0x24c Application\User\gpio.o
                0x0800061c                MX_GPIO_Init
 .text.MX_I2C3_Init
                0x08000868       0x48 Application\User\i2c.o
                0x08000868                MX_I2C3_Init
 .text.HAL_I2C_MspInit
                0x080008b0       0x70 Application\User\i2c.o
                0x080008b0                HAL_I2C_MspInit
 .text.MX_LTDC_Init
                0x08000920       0xb4 Application\User\ltdc.o
                0x08000920                MX_LTDC_Init
 .text.HAL_LTDC_MspInit
                0x080009d4      0x118 Application\User\ltdc.o
                0x080009d4                HAL_LTDC_MspInit
 .text.SystemClock_Config
                0x08000aec       0xcc Application\User\main.o
                0x08000aec                SystemClock_Config
 .text.startup.main
                0x08000bb8      0x15c Application\User\main.o
                0x08000bb8                main
 .text.HAL_TIM_PeriodElapsedCallback
                0x08000d14       0x2c Application\User\main.o
                0x08000d14                HAL_TIM_PeriodElapsedCallback
 .text._Error_Handler
                0x08000d40        0x2 Application\User\main.o
                0x08000d40                _Error_Handler
 .text.assert_failed
                0x08000d42        0x2 Application\User\main.o
                0x08000d42                assert_failed
 .text.MX_SPI3_Init
                0x08000d44       0x4c Application\User\spi.o
                0x08000d44                MX_SPI3_Init
 .text.HAL_SPI_MspInit
                0x08000d90       0x68 Application\User\spi.o
                0x08000d90                HAL_SPI_MspInit
 .text.HAL_SPI_MspDeInit
                0x08000df8       0x3c Application\User\spi.o
                0x08000df8                HAL_SPI_MspDeInit
 .text.HAL_MspInit
                0x08000e34       0x60 Application\User\stm32f4xx_hal_msp.o
                0x08000e34                HAL_MspInit
 .text.HAL_InitTick
                0x08000e94       0x7c Application\User\stm32f4xx_hal_timebase_TIM.o
                0x08000e94                HAL_InitTick
 .text.SVC_Handler
                0x08000f10        0x2 Application\User\stm32f4xx_it.o
                0x08000f10                SVC_Handler
 .text.PendSV_Handler
                0x08000f12        0x2 Application\User\stm32f4xx_it.o
                0x08000f12                PendSV_Handler
 .text.SysTick_Handler
                0x08000f14        0x4 Application\User\stm32f4xx_it.o
                0x08000f14                SysTick_Handler
 .text.TIM1_UP_TIM10_IRQHandler
                0x08000f18        0xc Application\User\stm32f4xx_it.o
                0x08000f18                TIM1_UP_TIM10_IRQHandler
 .text.USART1_IRQHandler
                0x08000f24        0xc Application\User\stm32f4xx_it.o
                0x08000f24                USART1_IRQHandler
 .text.EXTI15_10_IRQHandler
                0x08000f30        0x8 Application\User\stm32f4xx_it.o
                0x08000f30                EXTI15_10_IRQHandler
 .text.FMC_IRQHandler
                0x08000f38        0xc Application\User\stm32f4xx_it.o
                0x08000f38                FMC_IRQHandler
 .text.TIM6_DAC_IRQHandler
                0x08000f44       0x1c Application\User\stm32f4xx_it.o
                0x08000f44                TIM6_DAC_IRQHandler
 .text.TIM7_IRQHandler
                0x08000f60        0xc Application\User\stm32f4xx_it.o
                0x08000f60                TIM7_IRQHandler
 .text.DMA2_Stream0_IRQHandler
                0x08000f6c        0xc Application\User\stm32f4xx_it.o
                0x08000f6c                DMA2_Stream0_IRQHandler
 .text.DMA2_Stream2_IRQHandler
                0x08000f78        0xc Application\User\stm32f4xx_it.o
                0x08000f78                DMA2_Stream2_IRQHandler
 .text.LTDC_ER_IRQHandler
                0x08000f84        0xc Application\User\stm32f4xx_it.o
                0x08000f84                LTDC_ER_IRQHandler
 .text.LTDC_IRQHandler
                0x08000f90        0x4 Application\User\stm32f4xx_it.o
                0x08000f90                LTDC_IRQHandler
 .text.MX_TIM6_Init
                0x08000f94       0x50 Application\User\tim.o
                0x08000f94                MX_TIM6_Init
 .text.MX_TIM7_Init
                0x08000fe4       0x4c Application\User\tim.o
                0x08000fe4                MX_TIM7_Init
 .text.HAL_TIM_Base_MspInit
                0x08001030       0x6c Application\User\tim.o
                0x08001030                HAL_TIM_Base_MspInit
 .text.HAL_TIM_PWM_MspInit
                0x0800109c       0x30 Application\User\tim.o
                0x0800109c                HAL_TIM_PWM_MspInit
 .text.HAL_TIM_MspPostInit
                0x080010cc       0x34 Application\User\tim.o
                0x080010cc                HAL_TIM_MspPostInit
 .text.MX_TIM9_Init
                0x08001100       0x74 Application\User\tim.o
                0x08001100                MX_TIM9_Init
 .text.MX_USART1_UART_Init
                0x08001174       0x40 Application\User\usart.o
                0x08001174                MX_USART1_UART_Init
 .text.HAL_UART_MspInit
                0x080011b4       0xa8 Application\User\usart.o
                0x080011b4                HAL_UART_MspInit
 .text.SlidePot_init
                0x0800125c       0x20 Controls\SlidePot.o
                0x0800125c                SlidePot_init
 .text.SlidePot_ReadPosition
                0x0800127c        0xc Controls\SlidePot.o
                0x0800127c                SlidePot_ReadPosition
 .text.HAL_ADC_ConvCpltCallback
                0x08001288       0x40 Controls\SlidePot.o
                0x08001288                HAL_ADC_ConvCpltCallback
 .text.LCD_SetTextLineColor
                0x080012c8        0xc Display\Graphics.o
                0x080012c8                LCD_SetTextLineColor
 .text.LCD_SetTextBackColor
                0x080012d4        0xc Display\Graphics.o
                0x080012d4                LCD_SetTextBackColor
 .text.LCD_GetRGB332PalletValue
                0x080012e0       0x14 Display\Graphics.o
                0x080012e0                LCD_GetRGB332PalletValue
 .text.LCD_RGB_332_565
                0x080012f4       0x20 Display\Graphics.o
                0x080012f4                LCD_RGB_332_565
 .text.LCD_Clear
                0x08001314       0x22 Display\Graphics.o
                0x08001314                LCD_Clear
 .text.LCD_PutPixel
                0x08001336       0x3a Display\Graphics.o
                0x08001336                LCD_PutPixel
 .text.LCD_DrawChar
                0x08001370       0x68 Display\Graphics.o
                0x08001370                LCD_DrawChar
 .text.LCD_DrawString
                0x080013d8       0x34 Display\Graphics.o
                0x080013d8                LCD_DrawString
 .text.LCD_DrawStringLength
                0x0800140c       0x2e Display\Graphics.o
                0x0800140c                LCD_DrawStringLength
 .text.LCD_DrawBitmapTransparent
                0x0800143a       0x54 Display\Graphics.o
                0x0800143a                LCD_DrawBitmapTransparent
 *fill*         0x0800148e        0x2 
 .text.SDRAM_Initialization_sequence
                0x08001490       0x98 Display\Memory.o
                0x08001490                SDRAM_Initialization_sequence
 .text.ili9341_Init
                0x08001528      0x292 Display\ili9341.o
                0x08001528                ili9341_Init
 *fill*         0x080017ba        0x2 
 .text.SPIx_Init
                0x080017bc       0x98 Display\stm32f429i_discovery.o
 .text.SPIx_Write
                0x08001854       0x30 Display\stm32f429i_discovery.o
 .text.LCD_IO_Init
                0x08001884       0xb8 Display\stm32f429i_discovery.o
                0x08001884                LCD_IO_Init
 .text.LCD_IO_WriteData
                0x0800193c       0x38 Display\stm32f429i_discovery.o
                0x0800193c                LCD_IO_WriteData
 .text.LCD_IO_WriteReg
                0x08001974       0x38 Display\stm32f429i_discovery.o
                0x08001974                LCD_IO_WriteReg
 .text.LCD_Delay
                0x080019ac        0x4 Display\stm32f429i_discovery.o
                0x080019ac                LCD_Delay
 .text.SystemInit
                0x080019b0       0x4c Drivers\CMSIS\system_stm32f4xx.o
                0x080019b0                SystemInit
 .text.HAL_Init
                0x080019fc       0x34 Drivers\STM32F4xx_HAL_Driver\stm32f4xx_hal.o
                0x080019fc                HAL_Init
 .text.HAL_IncTick
                0x08001a30       0x10 Drivers\STM32F4xx_HAL_Driver\stm32f4xx_hal.o
                0x08001a30                HAL_IncTick
 .text.HAL_GetTick
                0x08001a40        0xc Drivers\STM32F4xx_HAL_Driver\stm32f4xx_hal.o
                0x08001a40                HAL_GetTick
 .text.HAL_Delay
                0x08001a4c       0x20 Drivers\STM32F4xx_HAL_Driver\stm32f4xx_hal.o
                0x08001a4c                HAL_Delay
 .text.HAL_ADC_Init
                0x08001a6c      0x280 Drivers\STM32F4xx_HAL_Driver\stm32f4xx_hal_adc.o
                0x08001a6c                HAL_ADC_Init
 .text.HAL_ADC_Start_DMA
                0x08001cec      0x124 Drivers\STM32F4xx_HAL_Driver\stm32f4xx_hal_adc.o
                0x08001cec                HAL_ADC_Start_DMA
 .text.ADC_DMAConvCplt
                0x08001e10       0x60 Drivers\STM32F4xx_HAL_Driver\stm32f4xx_hal_adc.o
 .text.HAL_ADC_ConvHalfCpltCallback
                0x08001e70        0x2 Drivers\STM32F4xx_HAL_Driver\stm32f4xx_hal_adc.o
                0x08001e70                HAL_ADC_ConvHalfCpltCallback
 .text.ADC_DMAHalfConvCplt
                0x08001e72        0xa Drivers\STM32F4xx_HAL_Driver\stm32f4xx_hal_adc.o
 .text.HAL_ADC_ErrorCallback
                0x08001e7c        0x2 Drivers\STM32F4xx_HAL_Driver\stm32f4xx_hal_adc.o
                0x08001e7c                HAL_ADC_ErrorCallback
 .text.ADC_DMAError
                0x08001e7e       0x16 Drivers\STM32F4xx_HAL_Driver\stm32f4xx_hal_adc.o
 .text.HAL_ADC_ConfigChannel
                0x08001e94      0x170 Drivers\STM32F4xx_HAL_Driver\stm32f4xx_hal_adc.o
                0x08001e94                HAL_ADC_ConfigChannel
 .text.HAL_NVIC_SetPriorityGrouping
                0x08002004       0x3c Drivers\STM32F4xx_HAL_Driver\stm32f4xx_hal_cortex.o
                0x08002004                HAL_NVIC_SetPriorityGrouping
 .text.HAL_NVIC_SetPriority
                0x08002040       0x84 Drivers\STM32F4xx_HAL_Driver\stm32f4xx_hal_cortex.o
                0x08002040                HAL_NVIC_SetPriority
 .text.HAL_NVIC_EnableIRQ
                0x080020c4       0x2c Drivers\STM32F4xx_HAL_Driver\stm32f4xx_hal_cortex.o
                0x080020c4                HAL_NVIC_EnableIRQ
 .text.HAL_SYSTICK_Config
                0x080020f0       0x2c Drivers\STM32F4xx_HAL_Driver\stm32f4xx_hal_cortex.o
                0x080020f0                HAL_SYSTICK_Config
 .text.HAL_SYSTICK_CLKSourceConfig
                0x0800211c       0x30 Drivers\STM32F4xx_HAL_Driver\stm32f4xx_hal_cortex.o
                0x0800211c                HAL_SYSTICK_CLKSourceConfig
 .text.HAL_SYSTICK_Callback
                0x0800214c        0x2 Drivers\STM32F4xx_HAL_Driver\stm32f4xx_hal_cortex.o
                0x0800214c                HAL_SYSTICK_Callback
 .text.HAL_SYSTICK_IRQHandler
                0x0800214e        0x8 Drivers\STM32F4xx_HAL_Driver\stm32f4xx_hal_cortex.o
                0x0800214e                HAL_SYSTICK_IRQHandler
 *fill*         0x08002156        0x2 
 .text.HAL_DAC_Init
                0x08002158       0x40 Drivers\STM32F4xx_HAL_Driver\stm32f4xx_hal_dac.o
                0x08002158                HAL_DAC_Init
 .text.HAL_DAC_Start
                0x08002198       0x70 Drivers\STM32F4xx_HAL_Driver\stm32f4xx_hal_dac.o
                0x08002198                HAL_DAC_Start
 .text.HAL_DAC_DMAUnderrunCallbackCh1
                0x08002208        0x2 Drivers\STM32F4xx_HAL_Driver\stm32f4xx_hal_dac.o
                0x08002208                HAL_DAC_DMAUnderrunCallbackCh1
 .text.HAL_DAC_IRQHandler
                0x0800220a       0x58 Drivers\STM32F4xx_HAL_Driver\stm32f4xx_hal_dac.o
                0x0800220a                HAL_DAC_IRQHandler
 *fill*         0x08002262        0x2 
 .text.HAL_DAC_ConfigChannel
                0x08002264       0x9c Drivers\STM32F4xx_HAL_Driver\stm32f4xx_hal_dac.o
                0x08002264                HAL_DAC_ConfigChannel
 .text.HAL_DAC_SetValue
                0x08002300       0x64 Drivers\STM32F4xx_HAL_Driver\stm32f4xx_hal_dac.o
                0x08002300                HAL_DAC_SetValue
 .text.HAL_DACEx_DMAUnderrunCallbackCh2
                0x08002364        0x2 Drivers\STM32F4xx_HAL_Driver\stm32f4xx_hal_dac_ex.o
                0x08002364                HAL_DACEx_DMAUnderrunCallbackCh2
 *fill*         0x08002366        0x2 
 .text.DMA_CalcBaseAndBitshift
                0x08002368       0x2c Drivers\STM32F4xx_HAL_Driver\stm32f4xx_hal_dma.o
 .text.HAL_DMA_Init
                0x08002394      0x250 Drivers\STM32F4xx_HAL_Driver\stm32f4xx_hal_dma.o
                0x08002394                HAL_DMA_Init
 .text.HAL_DMA_Start_IT
                0x080025e4       0xac Drivers\STM32F4xx_HAL_Driver\stm32f4xx_hal_dma.o
                0x080025e4                HAL_DMA_Start_IT
 .text.HAL_DMA_Abort_IT
                0x08002690       0x24 Drivers\STM32F4xx_HAL_Driver\stm32f4xx_hal_dma.o
                0x08002690                HAL_DMA_Abort_IT
 .text.HAL_DMA_IRQHandler
                0x080026b4      0x17c Drivers\STM32F4xx_HAL_Driver\stm32f4xx_hal_dma.o
                0x080026b4                HAL_DMA_IRQHandler
 .text.HAL_GPIO_Init
                0x08002830      0x2b0 Drivers\STM32F4xx_HAL_Driver\stm32f4xx_hal_gpio.o
                0x08002830                HAL_GPIO_Init
 .text.HAL_GPIO_DeInit
                0x08002ae0      0x198 Drivers\STM32F4xx_HAL_Driver\stm32f4xx_hal_gpio.o
                0x08002ae0                HAL_GPIO_DeInit
 .text.HAL_GPIO_ReadPin
                0x08002c78       0x24 Drivers\STM32F4xx_HAL_Driver\stm32f4xx_hal_gpio.o
                0x08002c78                HAL_GPIO_ReadPin
 .text.HAL_GPIO_WritePin
                0x08002c9c       0x34 Drivers\STM32F4xx_HAL_Driver\stm32f4xx_hal_gpio.o
                0x08002c9c                HAL_GPIO_WritePin
 .text.HAL_GPIO_TogglePin
                0x08002cd0       0x20 Drivers\STM32F4xx_HAL_Driver\stm32f4xx_hal_gpio.o
                0x08002cd0                HAL_GPIO_TogglePin
 .text.HAL_GPIO_EXTI_IRQHandler
                0x08002cf0       0x18 Drivers\STM32F4xx_HAL_Driver\stm32f4xx_hal_gpio.o
                0x08002cf0                HAL_GPIO_EXTI_IRQHandler
 .text.I2C_IsAcknowledgeFailed
                0x08002d08       0x2a Drivers\STM32F4xx_HAL_Driver\stm32f4xx_hal_i2c.o
 .text.I2C_WaitOnMasterAddressFlagUntilTimeout
                0x08002d32       0x80 Drivers\STM32F4xx_HAL_Driver\stm32f4xx_hal_i2c.o
 .text.I2C_WaitOnFlagUntilTimeout
                0x08002db2       0x5c Drivers\STM32F4xx_HAL_Driver\stm32f4xx_hal_i2c.o
 .text.I2C_WaitOnTXEFlagUntilTimeout
                0x08002e0e       0x4c Drivers\STM32F4xx_HAL_Driver\stm32f4xx_hal_i2c.o
 *fill*         0x08002e5a        0x2 
 .text.I2C_RequestMemoryWrite
                0x08002e5c       0xa4 Drivers\STM32F4xx_HAL_Driver\stm32f4xx_hal_i2c.o
 .text.I2C_RequestMemoryRead
                0x08002f00       0xf4 Drivers\STM32F4xx_HAL_Driver\stm32f4xx_hal_i2c.o
 .text.I2C_WaitOnRXNEFlagUntilTimeout
                0x08002ff4       0x5a Drivers\STM32F4xx_HAL_Driver\stm32f4xx_hal_i2c.o
 .text.I2C_WaitOnBTFFlagUntilTimeout
                0x0800304e       0x4c Drivers\STM32F4xx_HAL_Driver\stm32f4xx_hal_i2c.o
 *fill*         0x0800309a        0x2 
 .text.HAL_I2C_Init
                0x0800309c      0x1a4 Drivers\STM32F4xx_HAL_Driver\stm32f4xx_hal_i2c.o
                0x0800309c                HAL_I2C_Init
 .text.HAL_I2C_Mem_Write
                0x08003240      0x144 Drivers\STM32F4xx_HAL_Driver\stm32f4xx_hal_i2c.o
                0x08003240                HAL_I2C_Mem_Write
 .text.HAL_I2C_Mem_Read
                0x08003384      0x238 Drivers\STM32F4xx_HAL_Driver\stm32f4xx_hal_i2c.o
                0x08003384                HAL_I2C_Mem_Read
 .text.LTDC_SetConfig
                0x080035bc      0x10c Drivers\STM32F4xx_HAL_Driver\stm32f4xx_hal_ltdc.o
 .text.HAL_LTDC_Init
                0x080036c8      0x1b4 Drivers\STM32F4xx_HAL_Driver\stm32f4xx_hal_ltdc.o
                0x080036c8                HAL_LTDC_Init
 .text.HAL_LTDC_ErrorCallback
                0x0800387c        0x2 Drivers\STM32F4xx_HAL_Driver\stm32f4xx_hal_ltdc.o
                0x0800387c                HAL_LTDC_ErrorCallback
 .text.HAL_LTDC_LineEventCallback
                0x0800387e        0x2 Drivers\STM32F4xx_HAL_Driver\stm32f4xx_hal_ltdc.o
                0x0800387e                HAL_LTDC_LineEventCallback
 .text.HAL_LTDC_ReloadEventCallback
                0x08003880        0x2 Drivers\STM32F4xx_HAL_Driver\stm32f4xx_hal_ltdc.o
                0x08003880                HAL_LTDC_ReloadEventCallback
 .text.HAL_LTDC_IRQHandler
                0x08003882       0xba Drivers\STM32F4xx_HAL_Driver\stm32f4xx_hal_ltdc.o
                0x08003882                HAL_LTDC_IRQHandler
 .text.HAL_LTDC_ConfigLayer
                0x0800393c      0x134 Drivers\STM32F4xx_HAL_Driver\stm32f4xx_hal_ltdc.o
                0x0800393c                HAL_LTDC_ConfigLayer
 .text.HAL_LTDC_ConfigCLUT
                0x08003a70       0x90 Drivers\STM32F4xx_HAL_Driver\stm32f4xx_hal_ltdc.o
                0x08003a70                HAL_LTDC_ConfigCLUT
 .text.HAL_LTDC_EnableCLUT
                0x08003b00       0x48 Drivers\STM32F4xx_HAL_Driver\stm32f4xx_hal_ltdc.o
                0x08003b00                HAL_LTDC_EnableCLUT
 .text.HAL_LTDC_SetAddress
                0x08003b48       0x54 Drivers\STM32F4xx_HAL_Driver\stm32f4xx_hal_ltdc.o
                0x08003b48                HAL_LTDC_SetAddress
 .text.HAL_RCC_OscConfig
                0x08003b9c      0x404 Drivers\STM32F4xx_HAL_Driver\stm32f4xx_hal_rcc.o
                0x08003b9c                HAL_RCC_OscConfig
 .text.HAL_RCC_GetSysClockFreq
                0x08003fa0       0x74 Drivers\STM32F4xx_HAL_Driver\stm32f4xx_hal_rcc.o
                0x08003fa0                HAL_RCC_GetSysClockFreq
 .text.HAL_RCC_ClockConfig
                0x08004014      0x220 Drivers\STM32F4xx_HAL_Driver\stm32f4xx_hal_rcc.o
                0x08004014                HAL_RCC_ClockConfig
 .text.HAL_RCC_GetHCLKFreq
                0x08004234        0xc Drivers\STM32F4xx_HAL_Driver\stm32f4xx_hal_rcc.o
                0x08004234                HAL_RCC_GetHCLKFreq
 .text.HAL_RCC_GetPCLK1Freq
                0x08004240       0x30 Drivers\STM32F4xx_HAL_Driver\stm32f4xx_hal_rcc.o
                0x08004240                HAL_RCC_GetPCLK1Freq
 .text.HAL_RCC_GetPCLK2Freq
                0x08004270       0x30 Drivers\STM32F4xx_HAL_Driver\stm32f4xx_hal_rcc.o
                0x08004270                HAL_RCC_GetPCLK2Freq
 .text.HAL_RCC_GetClockConfig
                0x080042a0       0x3c Drivers\STM32F4xx_HAL_Driver\stm32f4xx_hal_rcc.o
                0x080042a0                HAL_RCC_GetClockConfig
 .text.HAL_RCCEx_PeriphCLKConfig
                0x080042dc      0x3fc Drivers\STM32F4xx_HAL_Driver\stm32f4xx_hal_rcc_ex.o
                0x080042dc                HAL_RCCEx_PeriphCLKConfig
 .text.HAL_SDRAM_Init
                0x080046d8       0x40 Drivers\STM32F4xx_HAL_Driver\stm32f4xx_hal_sdram.o
                0x080046d8                HAL_SDRAM_Init
 .text.HAL_SDRAM_RefreshErrorCallback
                0x08004718        0x2 Drivers\STM32F4xx_HAL_Driver\stm32f4xx_hal_sdram.o
                0x08004718                HAL_SDRAM_RefreshErrorCallback
 .text.HAL_SDRAM_IRQHandler
                0x0800471a       0x1c Drivers\STM32F4xx_HAL_Driver\stm32f4xx_hal_sdram.o
                0x0800471a                HAL_SDRAM_IRQHandler
 .text.HAL_SDRAM_SendCommand
                0x08004736       0x2e Drivers\STM32F4xx_HAL_Driver\stm32f4xx_hal_sdram.o
                0x08004736                HAL_SDRAM_SendCommand
 .text.HAL_SDRAM_ProgramRefreshRate
                0x08004764       0x24 Drivers\STM32F4xx_HAL_Driver\stm32f4xx_hal_sdram.o
                0x08004764                HAL_SDRAM_ProgramRefreshRate
 .text.SPI_WaitFlagStateUntilTimeout
                0x08004788       0x8e Drivers\STM32F4xx_HAL_Driver\stm32f4xx_hal_spi.o
 .text.SPI_CheckFlag_BSY
                0x08004816       0x20 Drivers\STM32F4xx_HAL_Driver\stm32f4xx_hal_spi.o
 *fill*         0x08004836        0x2 
 .text.HAL_SPI_Init
                0x08004838      0x178 Drivers\STM32F4xx_HAL_Driver\stm32f4xx_hal_spi.o
                0x08004838                HAL_SPI_Init
 .text.HAL_SPI_DeInit
                0x080049b0       0x70 Drivers\STM32F4xx_HAL_Driver\stm32f4xx_hal_spi.o
                0x080049b0                HAL_SPI_DeInit
 .text.HAL_SPI_Transmit
                0x08004a20      0x168 Drivers\STM32F4xx_HAL_Driver\stm32f4xx_hal_spi.o
                0x08004a20                HAL_SPI_Transmit
 .text.HAL_SPI_GetState
                0x08004b88        0x6 Drivers\STM32F4xx_HAL_Driver\stm32f4xx_hal_spi.o
                0x08004b88                HAL_SPI_GetState
 *fill*         0x08004b8e        0x2 
 .text.TIM_OC1_SetConfig
                0x08004b90       0x58 Drivers\STM32F4xx_HAL_Driver\stm32f4xx_hal_tim.o
 .text.TIM_OC3_SetConfig
                0x08004be8       0xa4 Drivers\STM32F4xx_HAL_Driver\stm32f4xx_hal_tim.o
 .text.TIM_OC4_SetConfig
                0x08004c8c       0x70 Drivers\STM32F4xx_HAL_Driver\stm32f4xx_hal_tim.o
 .text.HAL_TIM_Base_Start_IT
                0x08004cfc       0x9c Drivers\STM32F4xx_HAL_Driver\stm32f4xx_hal_tim.o
                0x08004cfc                HAL_TIM_Base_Start_IT
 .text.HAL_TIM_Base_Stop_IT
                0x08004d98       0xb0 Drivers\STM32F4xx_HAL_Driver\stm32f4xx_hal_tim.o
                0x08004d98                HAL_TIM_Base_Stop_IT
 .text.HAL_TIM_OC_DelayElapsedCallback
                0x08004e48        0x2 Drivers\STM32F4xx_HAL_Driver\stm32f4xx_hal_tim.o
                0x08004e48                HAL_TIM_OC_DelayElapsedCallback
 .text.HAL_TIM_IC_CaptureCallback
                0x08004e4a        0x2 Drivers\STM32F4xx_HAL_Driver\stm32f4xx_hal_tim.o
                0x08004e4a                HAL_TIM_IC_CaptureCallback
 .text.HAL_TIM_PWM_PulseFinishedCallback
                0x08004e4c        0x2 Drivers\STM32F4xx_HAL_Driver\stm32f4xx_hal_tim.o
                0x08004e4c                HAL_TIM_PWM_PulseFinishedCallback
 .text.HAL_TIM_TriggerCallback
                0x08004e4e        0x2 Drivers\STM32F4xx_HAL_Driver\stm32f4xx_hal_tim.o
                0x08004e4e                HAL_TIM_TriggerCallback
 .text.HAL_TIM_IRQHandler
                0x08004e50      0x144 Drivers\STM32F4xx_HAL_Driver\stm32f4xx_hal_tim.o
                0x08004e50                HAL_TIM_IRQHandler
 .text.TIM_Base_SetConfig
                0x08004f94       0xc8 Drivers\STM32F4xx_HAL_Driver\stm32f4xx_hal_tim.o
                0x08004f94                TIM_Base_SetConfig
 .text.HAL_TIM_Base_Init
                0x0800505c       0xe8 Drivers\STM32F4xx_HAL_Driver\stm32f4xx_hal_tim.o
                0x0800505c                HAL_TIM_Base_Init
 .text.HAL_TIM_PWM_Init
                0x08005144       0xf0 Drivers\STM32F4xx_HAL_Driver\stm32f4xx_hal_tim.o
                0x08005144                HAL_TIM_PWM_Init
 .text.TIM_OC2_SetConfig
                0x08005234       0x80 Drivers\STM32F4xx_HAL_Driver\stm32f4xx_hal_tim.o
                0x08005234                TIM_OC2_SetConfig
 .text.HAL_TIM_PWM_ConfigChannel
                0x080052b4      0x250 Drivers\STM32F4xx_HAL_Driver\stm32f4xx_hal_tim.o
                0x080052b4                HAL_TIM_PWM_ConfigChannel
 .text.HAL_TIMEx_MasterConfigSynchronization
                0x08005504       0xc0 Drivers\STM32F4xx_HAL_Driver\stm32f4xx_hal_tim_ex.o
                0x08005504                HAL_TIMEx_MasterConfigSynchronization
 .text.HAL_TIMEx_CommutationCallback
                0x080055c4        0x2 Drivers\STM32F4xx_HAL_Driver\stm32f4xx_hal_tim_ex.o
                0x080055c4                HAL_TIMEx_CommutationCallback
 .text.HAL_TIMEx_BreakCallback
                0x080055c6        0x2 Drivers\STM32F4xx_HAL_Driver\stm32f4xx_hal_tim_ex.o
                0x080055c6                HAL_TIMEx_BreakCallback
 .text.UART_EndRxTransfer
                0x080055c8       0x1a Drivers\STM32F4xx_HAL_Driver\stm32f4xx_hal_uart.o
 *fill*         0x080055e2        0x2 
 .text.UART_SetConfig
                0x080055e4      0x28c Drivers\STM32F4xx_HAL_Driver\stm32f4xx_hal_uart.o
 .text.HAL_UART_Init
                0x08005870      0x114 Drivers\STM32F4xx_HAL_Driver\stm32f4xx_hal_uart.o
                0x08005870                HAL_UART_Init
 .text.HAL_UART_TxCpltCallback
                0x08005984        0x2 Drivers\STM32F4xx_HAL_Driver\stm32f4xx_hal_uart.o
                0x08005984                HAL_UART_TxCpltCallback
 .text.HAL_UART_RxCpltCallback
                0x08005986        0x2 Drivers\STM32F4xx_HAL_Driver\stm32f4xx_hal_uart.o
                0x08005986                HAL_UART_RxCpltCallback
 .text.UART_Receive_IT
                0x08005988       0x74 Drivers\STM32F4xx_HAL_Driver\stm32f4xx_hal_uart.o
 .text.HAL_UART_ErrorCallback
                0x080059fc        0x2 Drivers\STM32F4xx_HAL_Driver\stm32f4xx_hal_uart.o
                0x080059fc                HAL_UART_ErrorCallback
 *fill*         0x080059fe        0x2 
 .text.HAL_UART_IRQHandler
                0x08005a00      0x140 Drivers\STM32F4xx_HAL_Driver\stm32f4xx_hal_uart.o
                0x08005a00                HAL_UART_IRQHandler
 .text.UART_DMAAbortOnError
                0x08005b40       0x10 Drivers\STM32F4xx_HAL_Driver\stm32f4xx_hal_uart.o
 .text.FMC_SDRAM_Init
                0x08005b50      0x15c Drivers\STM32F4xx_HAL_Driver\stm32f4xx_ll_fmc.o
                0x08005b50                FMC_SDRAM_Init
 .text.FMC_SDRAM_Timing_Init
                0x08005cac      0x13c Drivers\STM32F4xx_HAL_Driver\stm32f4xx_ll_fmc.o
                0x08005cac                FMC_SDRAM_Timing_Init
 .text.FMC_SDRAM_SendCommand
                0x08005de8       0xb0 Drivers\STM32F4xx_HAL_Driver\stm32f4xx_ll_fmc.o
                0x08005de8                FMC_SDRAM_SendCommand
 .text.FMC_SDRAM_ProgramRefreshRate
                0x08005e98       0x3c Drivers\STM32F4xx_HAL_Driver\stm32f4xx_ll_fmc.o
                0x08005e98                FMC_SDRAM_ProgramRefreshRate
 .text.Sound_PlaySound
                0x08005ed4       0x20 Sound\Sound.o
 .text.Sound_Init
                0x08005ef4       0x2c Sound\Sound.o
                0x08005ef4                Sound_Init
 .text.Sound_InterruptHandler
                0x08005f20       0x50 Sound\Sound.o
                0x08005f20                Sound_InterruptHandler
 .text.Sound_Play_DroppedBall
                0x08005f70        0xc Sound\Sound.o
                0x08005f70                Sound_Play_DroppedBall
 .text.Sound_Play_GameOver
                0x08005f7c        0xc Sound\Sound.o
                0x08005f7c                Sound_Play_GameOver
 .text.Sound_Play_LevelUp
                0x08005f88        0xc Sound\Sound.o
                0x08005f88                Sound_Play_LevelUp
 .text.Sound_Play_PlayerBounce
                0x08005f94        0xc Sound\Sound.o
                0x08005f94                Sound_Play_PlayerBounce
 .text.Sound_Play_WallBounce
                0x08005fa0        0xc Sound\Sound.o
                0x08005fa0                Sound_Play_WallBounce
 .text.Sound_Play_TileBounce
                0x08005fac        0xc Sound\Sound.o
                0x08005fac                Sound_Play_TileBounce
 .text.Sprite_GetBallMissedFlag
                0x08005fb8        0xc Sprite\Sprite.o
                0x08005fb8                Sprite_GetBallMissedFlag
 .text.Sprite_ClearBallMissedFlag
                0x08005fc4        0xc Sprite\Sprite.o
                0x08005fc4                Sprite_ClearBallMissedFlag
 .text.Sprite_DisplayDroppedBall
                0x08005fd0       0x90 Sprite\Sprite.o
                0x08005fd0                Sprite_DisplayDroppedBall
 .text.Sprite_DisplayGameOver
                0x08006060       0x80 Sprite\Sprite.o
                0x08006060                Sprite_DisplayGameOver
 .text.Ball_Init
                0x080060e0       0x28 Sprite\Sprite.o
                0x080060e0                Ball_Init
 .text.Tile_Init
                0x08006108       0x50 Sprite\Sprite.o
                0x08006108                Tile_Init
 .text.Player_Init
                0x08006158       0x28 Sprite\Sprite.o
                0x08006158                Player_Init
 .text.Sprite_DisplayGameStart
                0x08006180       0x6c Sprite\Sprite.o
                0x08006180                Sprite_DisplayGameStart
 .text.Sprite_GameMode_SetMode.part.0
                0x080061ec       0xa0 Sprite\Sprite.o
 .text.Sprite_Init
                0x0800628c       0x40 Sprite\Sprite.o
                0x0800628c                Sprite_Init
 .text.Sprite_Draw
                0x080062cc      0x10c Sprite\Sprite.o
                0x080062cc                Sprite_Draw
 .text.Sprite_GetNumPlayers
                0x080063d8        0xc Sprite\Sprite.o
                0x080063d8                Sprite_GetNumPlayers
 .text.Sprite_GetNumTiles
                0x080063e4       0x24 Sprite\Sprite.o
                0x080063e4                Sprite_GetNumTiles
 .text.Sprite_GameMode_SetMode
                0x08006408        0xa Sprite\Sprite.o
                0x08006408                Sprite_GameMode_SetMode
 *fill*         0x08006412        0x2 
 .text.Sprite_GameMode_ToggleMode
                0x08006414       0x20 Sprite\Sprite.o
                0x08006414                Sprite_GameMode_ToggleMode
 .text.Sprite_GameSpeedIncrease
                0x08006434       0x14 Sprite\Sprite.o
                0x08006434                Sprite_GameSpeedIncrease
 .text.Sprite_IncreaseGameLevel
                0x08006448       0x10 Sprite\Sprite.o
                0x08006448                Sprite_IncreaseGameLevel
 .text.Sprite_SetPlayerX
                0x08006458       0x24 Sprite\Sprite.o
                0x08006458                Sprite_SetPlayerX
 .text.Sprite_Player_Move
                0x0800647c       0x5c Sprite\Sprite.o
                0x0800647c                Sprite_Player_Move
 .text.Sprite_GetReboundAngle
                0x080064d8       0x76 Sprite\Sprite.o
                0x080064d8                Sprite_GetReboundAngle
 *fill*         0x0800654e        0x2 
 .text.Sprite_Get_DX_FromAngle
                0x08006550       0x14 Sprite\Sprite.o
                0x08006550                Sprite_Get_DX_FromAngle
 .text.Sprite_Get_DY_FromAngle
                0x08006564       0x14 Sprite\Sprite.o
                0x08006564                Sprite_Get_DY_FromAngle
 .text.Sprite_Ball_Move
                0x08006578      0x200 Sprite\Sprite.o
                0x08006578                Sprite_Ball_Move
 .text.TouchPanel_readReg1Byte
                0x08006778       0x2c TouchPanel\TouchPanel.o
                0x08006778                TouchPanel_readReg1Byte
 .text.TouchPanel_readReg3Bytes
                0x080067a4       0x48 TouchPanel\TouchPanel.o
                0x080067a4                TouchPanel_readReg3Bytes
 .text.TouchPanel_writeReg1Byte
                0x080067ec       0x28 TouchPanel\TouchPanel.o
                0x080067ec                TouchPanel_writeReg1Byte
 .text.TouchPanel_init
                0x08006814       0x78 TouchPanel\TouchPanel.o
                0x08006814                TouchPanel_init
 .text.TouchPanel_GetFIFOSize
                0x0800688c        0x6 TouchPanel\TouchPanel.o
                0x0800688c                TouchPanel_GetFIFOSize
 .text.TouchPanel_readRawData
                0x08006892       0x82 TouchPanel\TouchPanel.o
                0x08006892                TouchPanel_readRawData
 .text.TouchPanel_getPosition
                0x08006914       0x10 TouchPanel\TouchPanel.o
                0x08006914                TouchPanel_getPosition
 .text.TouchPanel_setPosition
                0x08006924       0x2c TouchPanel\TouchPanel.o
                0x08006924                TouchPanel_setPosition
 .text.TouchPanel_interruptClear
                0x08006950        0x8 TouchPanel\TouchPanel.o
                0x08006950                TouchPanel_interruptClear
 .text.HAL_GPIO_EXTI_Callback
                0x08006958       0x38 TouchPanel\TouchPanel.o
                0x08006958                HAL_GPIO_EXTI_Callback
 .text.__libc_init_array
                0x08006990       0x48 c:/program files (x86)/atollic/truestudio for arm 8.0.0/armtools/bin/../lib/gcc/arm-atollic-eabi/6.3.1/../../../../arm-atollic-eabi/lib/armv7e-m/fpu\libc_nano.a(lib_a-init.o)
                0x08006990                __libc_init_array
 .text.memset   0x080069d8       0x10 c:/program files (x86)/atollic/truestudio for arm 8.0.0/armtools/bin/../lib/gcc/arm-atollic-eabi/6.3.1/../../../../arm-atollic-eabi/lib/armv7e-m/fpu\libc_nano.a(lib_a-memset.o)
                0x080069d8                memset
 .text.sprintf  0x080069e8       0x48 c:/program files (x86)/atollic/truestudio for arm 8.0.0/armtools/bin/../lib/gcc/arm-atollic-eabi/6.3.1/../../../../arm-atollic-eabi/lib/armv7e-m/fpu\libc_nano.a(lib_a-sprintf.o)
                0x080069e8                siprintf
                0x080069e8                sprintf
 .text.__ssputs_r
                0x08006a30       0xb6 c:/program files (x86)/atollic/truestudio for arm 8.0.0/armtools/bin/../lib/gcc/arm-atollic-eabi/6.3.1/../../../../arm-atollic-eabi/lib/armv7e-m/fpu\libc_nano.a(lib_a-nano-svfprintf.o)
                0x08006a30                __ssputs_r
 *fill*         0x08006ae6        0x2 
 .text._svfprintf_r
                0x08006ae8      0x1e8 c:/program files (x86)/atollic/truestudio for arm 8.0.0/armtools/bin/../lib/gcc/arm-atollic-eabi/6.3.1/../../../../arm-atollic-eabi/lib/armv7e-m/fpu\libc_nano.a(lib_a-nano-svfprintf.o)
                0x08006ae8                _svfiprintf_r
                0x08006ae8                _svfprintf_r
 .text._printf_common
                0x08006cd0       0xec c:/program files (x86)/atollic/truestudio for arm 8.0.0/armtools/bin/../lib/gcc/arm-atollic-eabi/6.3.1/../../../../arm-atollic-eabi/lib/armv7e-m/fpu\libc_nano.a(lib_a-nano-vfprintf_i.o)
                0x08006cd0                _printf_common
 .text._printf_i
                0x08006dbc      0x240 c:/program files (x86)/atollic/truestudio for arm 8.0.0/armtools/bin/../lib/gcc/arm-atollic-eabi/6.3.1/../../../../arm-atollic-eabi/lib/armv7e-m/fpu\libc_nano.a(lib_a-nano-vfprintf_i.o)
                0x08006dbc                _printf_i
 .text.memcpy   0x08006ffc       0x16 c:/program files (x86)/atollic/truestudio for arm 8.0.0/armtools/bin/../lib/gcc/arm-atollic-eabi/6.3.1/../../../../arm-atollic-eabi/lib/armv7e-m/fpu\libc_nano.a(lib_a-memcpy-stub.o)
                0x08006ffc                memcpy
 .text.memmove  0x08007012       0x34 c:/program files (x86)/atollic/truestudio for arm 8.0.0/armtools/bin/../lib/gcc/arm-atollic-eabi/6.3.1/../../../../arm-atollic-eabi/lib/armv7e-m/fpu\libc_nano.a(lib_a-memmove.o)
                0x08007012                memmove
 *fill*         0x08007046        0x2 
 .text._free_r  0x08007048       0x9c c:/program files (x86)/atollic/truestudio for arm 8.0.0/armtools/bin/../lib/gcc/arm-atollic-eabi/6.3.1/../../../../arm-atollic-eabi/lib/armv7e-m/fpu\libc_nano.a(lib_a-nano-freer.o)
                0x08007048                _free_r
 .text._malloc_r
                0x080070e4       0xbc c:/program files (x86)/atollic/truestudio for arm 8.0.0/armtools/bin/../lib/gcc/arm-atollic-eabi/6.3.1/../../../../arm-atollic-eabi/lib/armv7e-m/fpu\libc_nano.a(lib_a-nano-mallocr.o)
                0x080070e4                _malloc_r
 .text._realloc_r
                0x080071a0       0x4c c:/program files (x86)/atollic/truestudio for arm 8.0.0/armtools/bin/../lib/gcc/arm-atollic-eabi/6.3.1/../../../../arm-atollic-eabi/lib/armv7e-m/fpu\libc_nano.a(lib_a-nano-reallocr.o)
                0x080071a0                _realloc_r
 .text._sbrk_r  0x080071ec       0x20 c:/program files (x86)/atollic/truestudio for arm 8.0.0/armtools/bin/../lib/gcc/arm-atollic-eabi/6.3.1/../../../../arm-atollic-eabi/lib/armv7e-m/fpu\libc_nano.a(lib_a-sbrkr.o)
                0x080071ec                _sbrk_r
 .text.__malloc_lock
                0x0800720c        0x2 c:/program files (x86)/atollic/truestudio for arm 8.0.0/armtools/bin/../lib/gcc/arm-atollic-eabi/6.3.1/../../../../arm-atollic-eabi/lib/armv7e-m/fpu\libc_nano.a(lib_a-mlock.o)
                0x0800720c                __malloc_lock
 .text.__malloc_unlock
                0x0800720e        0x2 c:/program files (x86)/atollic/truestudio for arm 8.0.0/armtools/bin/../lib/gcc/arm-atollic-eabi/6.3.1/../../../../arm-atollic-eabi/lib/armv7e-m/fpu\libc_nano.a(lib_a-mlock.o)
                0x0800720e                __malloc_unlock
 .text._malloc_usable_size_r
                0x08007210       0x12 c:/program files (x86)/atollic/truestudio for arm 8.0.0/armtools/bin/../lib/gcc/arm-atollic-eabi/6.3.1/../../../../arm-atollic-eabi/lib/armv7e-m/fpu\libc_nano.a(lib_a-nano-msizer.o)
                0x08007210                _malloc_usable_size_r
 *fill*         0x08007222        0x2 
 .text._sbrk    0x08007224       0x1c c:/program files (x86)/atollic/truestudio for arm 8.0.0/armtools/bin/../lib/gcc/arm-atollic-eabi/6.3.1/../../../../arm-atollic-eabi/lib/armv7e-m/fpu\libnosys.a(sbrk.o)
                0x08007224                _sbrk
 *(.glue_7)
 .glue_7        0x08007240        0x0 linker stubs
 *(.glue_7t)
 .glue_7t       0x08007240        0x0 linker stubs
 *(.eh_frame)
 .eh_frame      0x08007240        0x0 c:/program files (x86)/atollic/truestudio for arm 8.0.0/armtools/bin/../lib/gcc/arm-atollic-eabi/6.3.1/armv7e-m/fpu/crtbegin.o
 *(.init)
 .init          0x08007240        0x4 c:/program files (x86)/atollic/truestudio for arm 8.0.0/armtools/bin/../lib/gcc/arm-atollic-eabi/6.3.1/armv7e-m/fpu/crti.o
                0x08007240                _init
 .init          0x08007244        0x8 c:/program files (x86)/atollic/truestudio for arm 8.0.0/armtools/bin/../lib/gcc/arm-atollic-eabi/6.3.1/armv7e-m/fpu/crtn.o
 *(.fini)
 .fini          0x0800724c        0x4 c:/program files (x86)/atollic/truestudio for arm 8.0.0/armtools/bin/../lib/gcc/arm-atollic-eabi/6.3.1/armv7e-m/fpu/crti.o
                0x0800724c                _fini
 .fini          0x08007250        0x8 c:/program files (x86)/atollic/truestudio for arm 8.0.0/armtools/bin/../lib/gcc/arm-atollic-eabi/6.3.1/armv7e-m/fpu/crtn.o
                0x08007258                . = ALIGN (0x4)
                0x08007258                _etext = .

.vfp11_veneer   0x08007258        0x0
 .vfp11_veneer  0x08007258        0x0 linker stubs

.v4_bx          0x08007258        0x0
 .v4_bx         0x08007258        0x0 linker stubs

.iplt           0x08007258        0x0
 .iplt          0x08007258        0x0 c:/program files (x86)/atollic/truestudio for arm 8.0.0/armtools/bin/../lib/gcc/arm-atollic-eabi/6.3.1/armv7e-m/fpu/crtbegin.o

.rodata         0x08007258    0x40cc8
                0x08007258                . = ALIGN (0x4)
 *(.rodata)
 *(.rodata*)
 .rodata.MX_ADC1_Init.str1.1
                0x08007258       0x13 Application\User\adc.o
 .rodata.MX_DAC_Init.str1.1
                0x0800726b       0x13 Application\User\dac.o
 .rodata.MX_FMC_Init.str1.1
                0x0800727e       0x13 Application\User\fmc.o
 .rodata.MX_I2C3_Init.str1.1
                0x08007291       0x13 Application\User\i2c.o
 .rodata.MX_LTDC_Init.str1.1
                0x080072a4       0x14 Application\User\ltdc.o
 .rodata.MX_SPI3_Init.str1.1
                0x080072b8       0x13 Application\User\spi.o
 .rodata.MX_TIM6_Init.str1.1
                0x080072cb       0x13 Application\User\tim.o
 .rodata.MX_USART1_UART_Init.str1.1
                0x080072de       0x15 Application\User\usart.o
 .rodata._acimgBall
                0x080072f3      0x384 Bitmap\imgBall.o
 *fill*         0x08007677        0x1 
 .rodata.imgBall
                0x08007678        0xc Bitmap\imgBall.o
                0x08007678                imgBall
 .rodata._acimgPlayer
                0x08007684      0x4b0 Bitmap\imgPlayer.o
 .rodata.imgPlayer
                0x08007b34        0xc Bitmap\imgPlayer.o
                0x08007b34                imgPlayer
 .rodata._acimgTile
                0x08007b40      0x384 Bitmap\imgTile.o
 .rodata.imgTile
                0x08007ec4        0xc Bitmap\imgTile.o
                0x08007ec4                imgTile
 .rodata._acimgTileBlank
                0x08007ed0      0x384 Bitmap\imgTileBlank.o
 .rodata.imgTileBlank
                0x08008254        0xc Bitmap\imgTileBlank.o
                0x08008254                imgTileBlank
 .rodata.AHBPrescTable
                0x08008260       0x10 Drivers\CMSIS\system_stm32f4xx.o
                0x08008260                AHBPrescTable
 .rodata.APBPrescTable
                0x08008270        0x8 Drivers\CMSIS\system_stm32f4xx.o
                0x08008270                APBPrescTable
 .rodata.HAL_ADC_Init.str1.1
                0x08008278       0x3e Drivers\STM32F4xx_HAL_Driver\stm32f4xx_hal_adc.o
 .rodata.HAL_NVIC_SetPriorityGrouping.str1.1
                0x080082b6       0x41 Drivers\STM32F4xx_HAL_Driver\stm32f4xx_hal_cortex.o
 .rodata.HAL_DAC_Init.str1.1
                0x080082f7       0x3e Drivers\STM32F4xx_HAL_Driver\stm32f4xx_hal_dac.o
 .rodata.HAL_DMA_Init.str1.1
                0x08008335       0x3e Drivers\STM32F4xx_HAL_Driver\stm32f4xx_hal_dma.o
 .rodata.flagBitshiftOffset.9960
                0x08008373        0x8 Drivers\STM32F4xx_HAL_Driver\stm32f4xx_hal_dma.o
 .rodata.HAL_GPIO_Init.str1.1
                0x0800837b       0x3f Drivers\STM32F4xx_HAL_Driver\stm32f4xx_hal_gpio.o
 .rodata.HAL_I2C_Init.str1.1
                0x080083ba       0x3e Drivers\STM32F4xx_HAL_Driver\stm32f4xx_hal_i2c.o
 .rodata.HAL_LTDC_Init.str1.1
                0x080083f8       0x3f Drivers\STM32F4xx_HAL_Driver\stm32f4xx_hal_ltdc.o
 .rodata.HAL_RCC_OscConfig.str1.1
                0x08008437       0x3e Drivers\STM32F4xx_HAL_Driver\stm32f4xx_hal_rcc.o
 .rodata.HAL_RCCEx_PeriphCLKConfig.str1.1
                0x08008475       0x41 Drivers\STM32F4xx_HAL_Driver\stm32f4xx_hal_rcc_ex.o
 .rodata.HAL_SPI_Init.str1.1
                0x080084b6       0x3e Drivers\STM32F4xx_HAL_Driver\stm32f4xx_hal_spi.o
 .rodata.TIM_OC3_SetConfig.str1.1
                0x080084f4       0x3e Drivers\STM32F4xx_HAL_Driver\stm32f4xx_hal_tim.o
 .rodata.TIM_CCxNChannelCmd.str1.1
                0x08008532       0x41 Drivers\STM32F4xx_HAL_Driver\stm32f4xx_hal_tim_ex.o
 .rodata.UART_SetConfig.str1.1
                0x08008573       0x3f Drivers\STM32F4xx_HAL_Driver\stm32f4xx_hal_uart.o
 .rodata.FMC_NORSRAM_Init.str1.1
                0x080085b2       0x3d Drivers\STM32F4xx_HAL_Driver\stm32f4xx_ll_fmc.o
 *fill*         0x080085ef        0x1 
 .rodata.Ascii_16_24_Table
                0x080085f0     0x11d0 Fonts\fonts.o
                0x080085f0                Ascii_16_24_Table
 .rodata.soundData
                0x080097c0    0x17363 Sound\wavDroppedBall.o
 *fill*         0x08020b23        0x1 
 .rodata.sound_droppedball
                0x08020b24        0x8 Sound\wavDroppedBall.o
                0x08020b24                sound_droppedball
 .rodata.soundData
                0x08020b2c    0x17363 Sound\wavGameOver.o
 *fill*         0x08037e8f        0x1 
 .rodata.sound_gameover
                0x08037e90        0x8 Sound\wavGameOver.o
                0x08037e90                sound_gameover
 .rodata.soundData
                0x08037e98     0xa695 Sound\wavLevelUp.o
 *fill*         0x0804252d        0x3 
 .rodata.sound_levelup
                0x08042530        0x8 Sound\wavLevelUp.o
                0x08042530                sound_levelup
 .rodata.soundData
                0x08042538     0x1da1 Sound\wavPlayerBounce.o
 *fill*         0x080442d9        0x3 
 .rodata.sound_playerbounce
                0x080442dc        0x8 Sound\wavPlayerBounce.o
                0x080442dc                sound_playerbounce
 .rodata.soundData
                0x080442e4     0x1da1 Sound\wavTileBounce.o
 *fill*         0x08046085        0x3 
 .rodata.sound_tilebounce
                0x08046088        0x8 Sound\wavTileBounce.o
                0x08046088                sound_tilebounce
 .rodata.soundData
                0x08046090     0x1da1 Sound\wavWallBounce.o
 *fill*         0x08047e31        0x3 
 .rodata.sound_wallbounce
                0x08047e34        0x8 Sound\wavWallBounce.o
                0x08047e34                sound_wallbounce
 .rodata.CSWTCH.46
                0x08047e3c        0xb Sprite\Sprite.o
 .rodata.CSWTCH.48
                0x08047e47        0xf Sprite\Sprite.o
 .rodata.Sprite_DisplayDroppedBall.str1.1
                0x08047e56        0xe Sprite\Sprite.o
 .rodata.Sprite_DisplayGameOver.str1.1
                0x08047e64        0xd Sprite\Sprite.o
 .rodata.Sprite_DisplayGameStart.str1.1
                0x08047e71        0xe Sprite\Sprite.o
 .rodata.Sprite_Draw.str1.1
                0x08047e7f       0x2d Sprite\Sprite.o
 .rodata.Sprite_GameMode_SetMode.part.0.str1.1
                0x08047eac       0x40 Sprite\Sprite.o
 .rodata._svfprintf_r.str1.1
                0x08047eec       0x11 c:/program files (x86)/atollic/truestudio for arm 8.0.0/armtools/bin/../lib/gcc/arm-atollic-eabi/6.3.1/../../../../arm-atollic-eabi/lib/armv7e-m/fpu\libc_nano.a(lib_a-nano-svfprintf.o)
 .rodata._printf_i.str1.1
                0x08047efd       0x22 c:/program files (x86)/atollic/truestudio for arm 8.0.0/armtools/bin/../lib/gcc/arm-atollic-eabi/6.3.1/../../../../arm-atollic-eabi/lib/armv7e-m/fpu\libc_nano.a(lib_a-nano-vfprintf_i.o)
                0x08047f20                . = ALIGN (0x4)
 *fill*         0x08047f1f        0x1 

.rel.dyn        0x08047f20        0x0
 .rel.iplt      0x08047f20        0x0 c:/program files (x86)/atollic/truestudio for arm 8.0.0/armtools/bin/../lib/gcc/arm-atollic-eabi/6.3.1/armv7e-m/fpu/crtbegin.o

.ARM.extab
 *(.ARM.extab* .gnu.linkonce.armextab.*)

.ARM            0x08047f20        0x0
                0x08047f20                __exidx_start = .
 *(.ARM.exidx*)
                0x08047f20                __exidx_end = .

.preinit_array  0x08047f20        0x0
                0x08047f20                PROVIDE (__preinit_array_start, .)
 *(.preinit_array*)
                0x08047f20                PROVIDE (__preinit_array_end, .)

.init_array     0x08047f20        0x4
                0x08047f20                PROVIDE (__init_array_start, .)
 *(SORT(.init_array.*))
 *(.init_array*)
 .init_array    0x08047f20        0x4 c:/program files (x86)/atollic/truestudio for arm 8.0.0/armtools/bin/../lib/gcc/arm-atollic-eabi/6.3.1/armv7e-m/fpu/crtbegin.o
                0x08047f24                PROVIDE (__init_array_end, .)

.fini_array     0x08047f24        0x4
                [!provide]                PROVIDE (__fini_array_start, .)
 *(SORT(.fini_array.*))
 *(.fini_array*)
 .fini_array    0x08047f24        0x4 c:/program files (x86)/atollic/truestudio for arm 8.0.0/armtools/bin/../lib/gcc/arm-atollic-eabi/6.3.1/armv7e-m/fpu/crtbegin.o
                [!provide]                PROVIDE (__fini_array_end, .)
                0x08047f28                _sidata = LOADADDR (.data)

.data           0x20000000      0x474 load address 0x08047f28
                0x20000000                . = ALIGN (0x4)
                0x20000000                _sdata = .
 *(.data)
 *(.data*)
 .data.colorPalletRGB332
                0x20000000      0x400 Display\Graphics.o
                0x20000000                colorPalletRGB332
 .data.m_lcdTextLineColor
                0x20000400        0x2 Display\Graphics.o
                0x20000400                m_lcdTextLineColor
 *fill*         0x20000402        0x2 
 .data.SpixTimeout
                0x20000404        0x4 Display\stm32f429i_discovery.o
                0x20000404                SpixTimeout
 .data.SystemCoreClock
                0x20000408        0x4 Drivers\CMSIS\system_stm32f4xx.o
                0x20000408                SystemCoreClock
 .data.spriteGameSpeed
                0x2000040c        0x1 Sprite\Sprite.o
 *fill*         0x2000040d        0x3 
 .data._impure_ptr
                0x20000410        0x4 c:/program files (x86)/atollic/truestudio for arm 8.0.0/armtools/bin/../lib/gcc/arm-atollic-eabi/6.3.1/../../../../arm-atollic-eabi/lib/armv7e-m/fpu\libc_nano.a(lib_a-impure.o)
                0x20000410                _impure_ptr
 .data.impure_data
                0x20000414       0x60 c:/program files (x86)/atollic/truestudio for arm 8.0.0/armtools/bin/../lib/gcc/arm-atollic-eabi/6.3.1/../../../../arm-atollic-eabi/lib/armv7e-m/fpu\libc_nano.a(lib_a-impure.o)
                0x20000474                . = ALIGN (0x4)
                0x20000474                _edata = .
                0x0804839c                _siccmram = LOADADDR (.ccmram)

.igot.plt       0x20000474        0x0 load address 0x0804839c
 .igot.plt      0x20000474        0x0 c:/program files (x86)/atollic/truestudio for arm 8.0.0/armtools/bin/../lib/gcc/arm-atollic-eabi/6.3.1/armv7e-m/fpu/crtbegin.o

.ccmram         0x10000000        0x0 load address 0x0804839c
                0x10000000                . = ALIGN (0x4)
                0x10000000                _sccmram = .
 *(.ccmram)
 *(.ccmram*)
                0x10000000                . = ALIGN (0x4)
                0x10000000                _eccmram = .
                0x10000000                . = ALIGN (0x4)

.bss            0x20000474      0x9c0
                0x20000474                _sbss = .
                0x20000474                __bss_start__ = _sbss
 *(.bss)
 .bss           0x20000474       0x1c c:/program files (x86)/atollic/truestudio for arm 8.0.0/armtools/bin/../lib/gcc/arm-atollic-eabi/6.3.1/armv7e-m/fpu/crtbegin.o
 *(.bss*)
 .bss.FMC_Initialized
                0x20000490        0x4 Application\User\fmc.o
 .bss.gameTick  0x20000494        0x4 Application\User\main.o
 .bss.adcPosition
                0x20000498        0x2 Controls\SlidePot.o
 *fill*         0x2000049a        0x2 
 .bss.adcRawData
                0x2000049c        0x4 Controls\SlidePot.o
 .bss.m_lcdTextBackColor
                0x200004a0        0x2 Display\Graphics.o
                0x200004a0                m_lcdTextBackColor
 .bss.Is_LCD_IO_Initialized
                0x200004a2        0x1 Display\stm32f429i_discovery.o
 *fill*         0x200004a3        0x1 
 .bss.SpiHandle
                0x200004a4       0x58 Display\stm32f429i_discovery.o
 .bss.waveCounter
                0x200004fc        0x4 Sound\Sound.o
 .bss.waveData  0x20000500        0x4 Sound\Sound.o
 .bss.mBall     0x20000504       0x18 Sprite\Sprite.o
 .bss.mPlayer   0x2000051c       0x18 Sprite\Sprite.o
 .bss.mTile     0x20000534      0x500 Sprite\Sprite.o
 .bss.spriteActiveBuffer
                0x20000a34        0x4 Sprite\Sprite.o
 .bss.spriteBallMissedFlag
                0x20000a38        0x1 Sprite\Sprite.o
 *fill*         0x20000a39        0x1 
 .bss.spriteGameLevel
                0x20000a3a        0x2 Sprite\Sprite.o
 .bss.spriteGameMode
                0x20000a3c        0x1 Sprite\Sprite.o
 *fill*         0x20000a3d        0x3 
 .bss.spriteGameScore
                0x20000a40        0x4 Sprite\Sprite.o
 .bss.m_touchPanelData
                0x20000a44        0x8 TouchPanel\TouchPanel.o
 .bss.__malloc_free_list
                0x20000a4c        0x4 c:/program files (x86)/atollic/truestudio for arm 8.0.0/armtools/bin/../lib/gcc/arm-atollic-eabi/6.3.1/../../../../arm-atollic-eabi/lib/armv7e-m/fpu\libc_nano.a(lib_a-nano-mallocr.o)
                0x20000a4c                __malloc_free_list
 .bss.__malloc_sbrk_start
                0x20000a50        0x4 c:/program files (x86)/atollic/truestudio for arm 8.0.0/armtools/bin/../lib/gcc/arm-atollic-eabi/6.3.1/../../../../arm-atollic-eabi/lib/armv7e-m/fpu\libc_nano.a(lib_a-nano-mallocr.o)
                0x20000a50                __malloc_sbrk_start
 .bss.heap_end.5239
                0x20000a54        0x4 c:/program files (x86)/atollic/truestudio for arm 8.0.0/armtools/bin/../lib/gcc/arm-atollic-eabi/6.3.1/../../../../arm-atollic-eabi/lib/armv7e-m/fpu\libnosys.a(sbrk.o)
 *(COMMON)
 COMMON         0x20000a58       0xa8 Application\User\adc.o
                0x20000a58                hadc1
                0x20000aa0                hdma_adc1
 COMMON         0x20000b00       0x14 Application\User\dac.o
                0x20000b00                hdac
 COMMON         0x20000b14       0x34 Application\User\fmc.o
                0x20000b14                hsdram1
 COMMON         0x20000b48       0x54 Application\User\i2c.o
                0x20000b48                hi2c3
 COMMON         0x20000b9c       0xa8 Application\User\ltdc.o
                0x20000b9c                hltdc
 COMMON         0x20000c44       0x58 Application\User\spi.o
                0x20000c44                hspi3
 COMMON         0x20000c9c       0x3c Application\User\stm32f4xx_hal_timebase_TIM.o
                0x20000c9c                htim1
 COMMON         0x20000cd8       0xb4 Application\User\tim.o
                0x20000cd8                htim6
                0x20000d14                htim9
                0x20000d50                htim7
 COMMON         0x20000d8c       0xa0 Application\User\usart.o
                0x20000d8c                hdma_usart1_rx
                0x20000dec                huart1
 COMMON         0x20000e2c        0x4 Drivers\STM32F4xx_HAL_Driver\stm32f4xx_hal.o
                0x20000e2c                uwTick
 COMMON         0x20000e30        0x4 c:/program files (x86)/atollic/truestudio for arm 8.0.0/armtools/bin/../lib/gcc/arm-atollic-eabi/6.3.1/../../../../arm-atollic-eabi/lib/armv7e-m/fpu\libc_nano.a(lib_a-reent.o)
                0x20000e30                errno
                0x20000e34                . = ALIGN (0x4)
                0x20000e34                _ebss = .
                0x20000e34                __bss_end__ = _ebss

._user_heap_stack
                0x20000e34      0x600
                0x20000e34                . = ALIGN (0x4)
                0x20000e34                PROVIDE (end, .)
                [!provide]                PROVIDE (_end, .)
                0x20001034                . = (. + _Min_Heap_Size)
 *fill*         0x20000e34      0x200 
                0x20001434                . = (. + _Min_Stack_Size)
 *fill*         0x20001034      0x400 
                0x20001434                . = ALIGN (0x4)

/DISCARD/
 libc.a(*)
 libm.a(*)
 libgcc.a(*)

.ARM.attributes
                0x00000000       0x30
 *(.ARM.attributes)
 .ARM.attributes
                0x00000000       0x22 c:/program files (x86)/atollic/truestudio for arm 8.0.0/armtools/bin/../lib/gcc/arm-atollic-eabi/6.3.1/armv7e-m/fpu/crti.o
 .ARM.attributes
                0x00000022       0x34 c:/program files (x86)/atollic/truestudio for arm 8.0.0/armtools/bin/../lib/gcc/arm-atollic-eabi/6.3.1/armv7e-m/fpu/crtbegin.o
 .ARM.attributes
                0x00000056       0x21 Application\TrueSTUDIO\startup_stm32f429xx.o
 .ARM.attributes
                0x00000077       0x39 Application\User\adc.o
 .ARM.attributes
                0x000000b0       0x39 Application\User\dac.o
 .ARM.attributes
                0x000000e9       0x39 Application\User\dma.o
 .ARM.attributes
                0x00000122       0x39 Application\User\fmc.o
 .ARM.attributes
                0x0000015b       0x39 Application\User\gpio.o
 .ARM.attributes
                0x00000194       0x39 Application\User\i2c.o
 .ARM.attributes
                0x000001cd       0x39 Application\User\ltdc.o
 .ARM.attributes
                0x00000206       0x39 Application\User\main.o
 .ARM.attributes
                0x0000023f       0x39 Application\User\spi.o
 .ARM.attributes
                0x00000278       0x39 Application\User\stm32f4xx_hal_msp.o
 .ARM.attributes
                0x000002b1       0x39 Application\User\stm32f4xx_hal_timebase_TIM.o
 .ARM.attributes
                0x000002ea       0x39 Application\User\stm32f4xx_it.o
 .ARM.attributes
                0x00000323       0x39 Application\User\tim.o
 .ARM.attributes
                0x0000035c       0x39 Application\User\usart.o
 .ARM.attributes
                0x00000395       0x39 Bitmap\imgBall.o
 .ARM.attributes
                0x000003ce       0x39 Bitmap\imgPlayer.o
 .ARM.attributes
                0x00000407       0x39 Bitmap\imgTile.o
 .ARM.attributes
                0x00000440       0x39 Bitmap\imgTileBlank.o
 .ARM.attributes
                0x00000479       0x39 Controls\SlidePot.o
 .ARM.attributes
                0x000004b2       0x39 Display\Graphics.o
 .ARM.attributes
                0x000004eb       0x39 Display\Memory.o
 .ARM.attributes
                0x00000524       0x39 Display\ili9341.o
 .ARM.attributes
                0x0000055d       0x39 Display\stm32f429i_discovery.o
 .ARM.attributes
                0x00000596       0x39 Drivers\CMSIS\system_stm32f4xx.o
 .ARM.attributes
                0x000005cf       0x39 Drivers\STM32F4xx_HAL_Driver\stm32f4xx_hal.o
 .ARM.attributes
                0x00000608       0x39 Drivers\STM32F4xx_HAL_Driver\stm32f4xx_hal_adc.o
 .ARM.attributes
                0x00000641       0x39 Drivers\STM32F4xx_HAL_Driver\stm32f4xx_hal_cortex.o
 .ARM.attributes
                0x0000067a       0x39 Drivers\STM32F4xx_HAL_Driver\stm32f4xx_hal_dac.o
 .ARM.attributes
                0x000006b3       0x39 Drivers\STM32F4xx_HAL_Driver\stm32f4xx_hal_dac_ex.o
 .ARM.attributes
                0x000006ec       0x39 Drivers\STM32F4xx_HAL_Driver\stm32f4xx_hal_dma.o
 .ARM.attributes
                0x00000725       0x39 Drivers\STM32F4xx_HAL_Driver\stm32f4xx_hal_gpio.o
 .ARM.attributes
                0x0000075e       0x39 Drivers\STM32F4xx_HAL_Driver\stm32f4xx_hal_i2c.o
 .ARM.attributes
                0x00000797       0x39 Drivers\STM32F4xx_HAL_Driver\stm32f4xx_hal_ltdc.o
 .ARM.attributes
                0x000007d0       0x39 Drivers\STM32F4xx_HAL_Driver\stm32f4xx_hal_rcc.o
 .ARM.attributes
                0x00000809       0x39 Drivers\STM32F4xx_HAL_Driver\stm32f4xx_hal_rcc_ex.o
 .ARM.attributes
                0x00000842       0x39 Drivers\STM32F4xx_HAL_Driver\stm32f4xx_hal_sdram.o
 .ARM.attributes
                0x0000087b       0x39 Drivers\STM32F4xx_HAL_Driver\stm32f4xx_hal_spi.o
 .ARM.attributes
                0x000008b4       0x39 Drivers\STM32F4xx_HAL_Driver\stm32f4xx_hal_tim.o
 .ARM.attributes
                0x000008ed       0x39 Drivers\STM32F4xx_HAL_Driver\stm32f4xx_hal_tim_ex.o
 .ARM.attributes
                0x00000926       0x39 Drivers\STM32F4xx_HAL_Driver\stm32f4xx_hal_uart.o
 .ARM.attributes
                0x0000095f       0x39 Drivers\STM32F4xx_HAL_Driver\stm32f4xx_ll_fmc.o
 .ARM.attributes
                0x00000998       0x39 Fonts\fonts.o
 .ARM.attributes
                0x000009d1       0x39 Sound\Sound.o
 .ARM.attributes
                0x00000a0a       0x39 Sound\wavDroppedBall.o
 .ARM.attributes
                0x00000a43       0x39 Sound\wavGameOver.o
 .ARM.attributes
                0x00000a7c       0x39 Sound\wavLevelUp.o
 .ARM.attributes
                0x00000ab5       0x39 Sound\wavPlayerBounce.o
 .ARM.attributes
                0x00000aee       0x39 Sound\wavTileBounce.o
 .ARM.attributes
                0x00000b27       0x39 Sound\wavWallBounce.o
 .ARM.attributes
                0x00000b60       0x39 Sprite\Sprite.o
 .ARM.attributes
                0x00000b99       0x39 TouchPanel\TouchPanel.o
 .ARM.attributes
                0x00000bd2       0x34 c:/program files (x86)/atollic/truestudio for arm 8.0.0/armtools/bin/../lib/gcc/arm-atollic-eabi/6.3.1/../../../../arm-atollic-eabi/lib/armv7e-m/fpu\libc_nano.a(lib_a-init.o)
 .ARM.attributes
                0x00000c06       0x34 c:/program files (x86)/atollic/truestudio for arm 8.0.0/armtools/bin/../lib/gcc/arm-atollic-eabi/6.3.1/../../../../arm-atollic-eabi/lib/armv7e-m/fpu\libc_nano.a(lib_a-memset.o)
 .ARM.attributes
                0x00000c3a       0x34 c:/program files (x86)/atollic/truestudio for arm 8.0.0/armtools/bin/../lib/gcc/arm-atollic-eabi/6.3.1/../../../../arm-atollic-eabi/lib/armv7e-m/fpu\libc_nano.a(lib_a-sprintf.o)
 .ARM.attributes
                0x00000c6e       0x1b c:/program files (x86)/atollic/truestudio for arm 8.0.0/armtools/bin/../lib/gcc/arm-atollic-eabi/6.3.1/../../../../arm-atollic-eabi/lib/armv7e-m/fpu\libc_nano.a(lib_a-strlen.o)
 .ARM.attributes
                0x00000c89       0x34 c:/program files (x86)/atollic/truestudio for arm 8.0.0/armtools/bin/../lib/gcc/arm-atollic-eabi/6.3.1/../../../../arm-atollic-eabi/lib/armv7e-m/fpu\libc_nano.a(lib_a-impure.o)
 .ARM.attributes
                0x00000cbd       0x34 c:/program files (x86)/atollic/truestudio for arm 8.0.0/armtools/bin/../lib/gcc/arm-atollic-eabi/6.3.1/../../../../arm-atollic-eabi/lib/armv7e-m/fpu\libc_nano.a(lib_a-nano-svfprintf.o)
 .ARM.attributes
                0x00000cf1       0x34 c:/program files (x86)/atollic/truestudio for arm 8.0.0/armtools/bin/../lib/gcc/arm-atollic-eabi/6.3.1/../../../../arm-atollic-eabi/lib/armv7e-m/fpu\libc_nano.a(lib_a-nano-vfprintf_i.o)
 .ARM.attributes
                0x00000d25       0x20 c:/program files (x86)/atollic/truestudio for arm 8.0.0/armtools/bin/../lib/gcc/arm-atollic-eabi/6.3.1/../../../../arm-atollic-eabi/lib/armv7e-m/fpu\libc_nano.a(lib_a-memchr.o)
 .ARM.attributes
                0x00000d45       0x34 c:/program files (x86)/atollic/truestudio for arm 8.0.0/armtools/bin/../lib/gcc/arm-atollic-eabi/6.3.1/../../../../arm-atollic-eabi/lib/armv7e-m/fpu\libc_nano.a(lib_a-memcpy-stub.o)
 .ARM.attributes
                0x00000d79       0x34 c:/program files (x86)/atollic/truestudio for arm 8.0.0/armtools/bin/../lib/gcc/arm-atollic-eabi/6.3.1/../../../../arm-atollic-eabi/lib/armv7e-m/fpu\libc_nano.a(lib_a-memmove.o)
 .ARM.attributes
                0x00000dad       0x34 c:/program files (x86)/atollic/truestudio for arm 8.0.0/armtools/bin/../lib/gcc/arm-atollic-eabi/6.3.1/../../../../arm-atollic-eabi/lib/armv7e-m/fpu\libc_nano.a(lib_a-nano-freer.o)
 .ARM.attributes
                0x00000de1       0x34 c:/program files (x86)/atollic/truestudio for arm 8.0.0/armtools/bin/../lib/gcc/arm-atollic-eabi/6.3.1/../../../../arm-atollic-eabi/lib/armv7e-m/fpu\libc_nano.a(lib_a-nano-mallocr.o)
 .ARM.attributes
                0x00000e15       0x34 c:/program files (x86)/atollic/truestudio for arm 8.0.0/armtools/bin/../lib/gcc/arm-atollic-eabi/6.3.1/../../../../arm-atollic-eabi/lib/armv7e-m/fpu\libc_nano.a(lib_a-nano-reallocr.o)
 .ARM.attributes
                0x00000e49       0x34 c:/program files (x86)/atollic/truestudio for arm 8.0.0/armtools/bin/../lib/gcc/arm-atollic-eabi/6.3.1/../../../../arm-atollic-eabi/lib/armv7e-m/fpu\libc_nano.a(lib_a-sbrkr.o)
 .ARM.attributes
                0x00000e7d       0x34 c:/program files (x86)/atollic/truestudio for arm 8.0.0/armtools/bin/../lib/gcc/arm-atollic-eabi/6.3.1/../../../../arm-atollic-eabi/lib/armv7e-m/fpu\libc_nano.a(lib_a-mlock.o)
 .ARM.attributes
                0x00000eb1       0x34 c:/program files (x86)/atollic/truestudio for arm 8.0.0/armtools/bin/../lib/gcc/arm-atollic-eabi/6.3.1/../../../../arm-atollic-eabi/lib/armv7e-m/fpu\libc_nano.a(lib_a-nano-msizer.o)
 .ARM.attributes
                0x00000ee5       0x34 c:/program files (x86)/atollic/truestudio for arm 8.0.0/armtools/bin/../lib/gcc/arm-atollic-eabi/6.3.1/../../../../arm-atollic-eabi/lib/armv7e-m/fpu\libc_nano.a(lib_a-reent.o)
 .ARM.attributes
                0x00000f19       0x34 c:/program files (x86)/atollic/truestudio for arm 8.0.0/armtools/bin/../lib/gcc/arm-atollic-eabi/6.3.1/../../../../arm-atollic-eabi/lib/armv7e-m/fpu\libnosys.a(sbrk.o)
 .ARM.attributes
                0x00000f4d       0x22 c:/program files (x86)/atollic/truestudio for arm 8.0.0/armtools/bin/../lib/gcc/arm-atollic-eabi/6.3.1/armv7e-m/fpu/crtn.o
OUTPUT(pong_game.elf elf32-littlearm)

.debug_line     0x00000000    0x13779
 .debug_line    0x00000000       0x7a Application\TrueSTUDIO\startup_stm32f429xx.o
 .debug_line    0x0000007a      0x359 Application\User\adc.o
 .debug_line    0x000003d3      0x338 Application\User\dac.o
 .debug_line    0x0000070b      0x28d Application\User\dma.o
 .debug_line    0x00000998      0x3dc Application\User\fmc.o
 .debug_line    0x00000d74      0x31f Application\User\gpio.o
 .debug_line    0x00001093      0x332 Application\User\i2c.o
 .debug_line    0x000013c5      0x3b4 Application\User\ltdc.o
 .debug_line    0x00001779      0x607 Application\User\main.o
 .debug_line    0x00001d80      0x33f Application\User\spi.o
 .debug_line    0x000020bf      0x29b Application\User\stm32f4xx_hal_msp.o
 .debug_line    0x0000235a      0x33a Application\User\stm32f4xx_hal_timebase_TIM.o
 .debug_line    0x00002694      0x40d Application\User\stm32f4xx_it.o
 .debug_line    0x00002aa1      0x3e4 Application\User\tim.o
 .debug_line    0x00002e85      0x367 Application\User\usart.o
 .debug_line    0x000031ec      0x228 Bitmap\imgBall.o
 .debug_line    0x00003414      0x22a Bitmap\imgPlayer.o
 .debug_line    0x0000363e      0x228 Bitmap\imgTile.o
 .debug_line    0x00003866      0x22d Bitmap\imgTileBlank.o
 .debug_line    0x00003a93      0x313 Controls\SlidePot.o
 .debug_line    0x00003da6      0x68d Display\Graphics.o
 .debug_line    0x00004433      0x480 Display\Memory.o
 .debug_line    0x000048b3      0x281 Display\ili9341.o
 .debug_line    0x00004b34      0x681 Display\stm32f429i_discovery.o
 .debug_line    0x000051b5      0x281 Drivers\CMSIS\system_stm32f4xx.o
 .debug_line    0x00005436      0x49e Drivers\STM32F4xx_HAL_Driver\stm32f4xx_hal.o
 .debug_line    0x000058d4      0x990 Drivers\STM32F4xx_HAL_Driver\stm32f4xx_hal_adc.o
 .debug_line    0x00006264      0x5b8 Drivers\STM32F4xx_HAL_Driver\stm32f4xx_hal_cortex.o
 .debug_line    0x0000681c      0x5ec Drivers\STM32F4xx_HAL_Driver\stm32f4xx_hal_dac.o
 .debug_line    0x00006e08      0x431 Drivers\STM32F4xx_HAL_Driver\stm32f4xx_hal_dac_ex.o
 .debug_line    0x00007239      0x764 Drivers\STM32F4xx_HAL_Driver\stm32f4xx_hal_dma.o
 .debug_line    0x0000799d      0x5c0 Drivers\STM32F4xx_HAL_Driver\stm32f4xx_hal_gpio.o
 .debug_line    0x00007f5d     0x19ac Drivers\STM32F4xx_HAL_Driver\stm32f4xx_hal_i2c.o
 .debug_line    0x00009909      0xf43 Drivers\STM32F4xx_HAL_Driver\stm32f4xx_hal_ltdc.o
 .debug_line    0x0000a84c      0x782 Drivers\STM32F4xx_HAL_Driver\stm32f4xx_hal_rcc.o
 .debug_line    0x0000afce      0x5ad Drivers\STM32F4xx_HAL_Driver\stm32f4xx_hal_rcc_ex.o
 .debug_line    0x0000b57b      0x5c6 Drivers\STM32F4xx_HAL_Driver\stm32f4xx_hal_sdram.o
 .debug_line    0x0000bb41      0xcc2 Drivers\STM32F4xx_HAL_Driver\stm32f4xx_hal_spi.o
 .debug_line    0x0000c803     0x2c4d Drivers\STM32F4xx_HAL_Driver\stm32f4xx_hal_tim.o
 .debug_line    0x0000f450      0xc83 Drivers\STM32F4xx_HAL_Driver\stm32f4xx_hal_tim_ex.o
 .debug_line    0x000100d3      0xe37 Drivers\STM32F4xx_HAL_Driver\stm32f4xx_hal_uart.o
 .debug_line    0x00010f0a      0xaff Drivers\STM32F4xx_HAL_Driver\stm32f4xx_ll_fmc.o
 .debug_line    0x00011a09      0x129 Fonts\fonts.o
 .debug_line    0x00011b32      0x390 Sound\Sound.o
 .debug_line    0x00011ec2      0x1c7 Sound\wavDroppedBall.o
 .debug_line    0x00012089      0x1c4 Sound\wavGameOver.o
 .debug_line    0x0001224d      0x1c3 Sound\wavLevelUp.o
 .debug_line    0x00012410      0x1c8 Sound\wavPlayerBounce.o
 .debug_line    0x000125d8      0x1c6 Sound\wavTileBounce.o
 .debug_line    0x0001279e      0x1c6 Sound\wavWallBounce.o
 .debug_line    0x00012964      0x907 Sprite\Sprite.o
 .debug_line    0x0001326b      0x50e TouchPanel\TouchPanel.o

.debug_info     0x00000000    0x470bc
 .debug_info    0x00000000       0x94 Application\TrueSTUDIO\startup_stm32f429xx.o
 .debug_info    0x00000094     0x12d1 Application\User\adc.o
 .debug_info    0x00001365     0x1437 Application\User\dac.o
 .debug_info    0x0000279c      0xdfc Application\User\dma.o
 .debug_info    0x00003598     0x1606 Application\User\fmc.o
 .debug_info    0x00004b9e     0x11fb Application\User\gpio.o
 .debug_info    0x00005d99     0x1282 Application\User\i2c.o
 .debug_info    0x0000701b     0x1597 Application\User\ltdc.o
 .debug_info    0x000085b2     0x2e12 Application\User\main.o
 .debug_info    0x0000b3c4     0x123c Application\User\spi.o
 .debug_info    0x0000c600      0xc97 Application\User\stm32f4xx_hal_msp.o
 .debug_info    0x0000d297     0x1405 Application\User\stm32f4xx_hal_timebase_TIM.o
 .debug_info    0x0000e69c     0x1881 Application\User\stm32f4xx_it.o
 .debug_info    0x0000ff1d     0x182c Application\User\tim.o
 .debug_info    0x00011749     0x14c0 Application\User\usart.o
 .debug_info    0x00012c09      0x984 Bitmap\imgBall.o
 .debug_info    0x0001358d      0x984 Bitmap\imgPlayer.o
 .debug_info    0x00013f11      0x984 Bitmap\imgTile.o
 .debug_info    0x00014895      0x984 Bitmap\imgTileBlank.o
 .debug_info    0x00015219      0xe90 Controls\SlidePot.o
 .debug_info    0x000160a9     0x1d3f Display\Graphics.o
 .debug_info    0x00017de8     0x143e Display\Memory.o
 .debug_info    0x00019226     0x170c Display\ili9341.o
 .debug_info    0x0001a932     0x29a8 Display\stm32f429i_discovery.o
 .debug_info    0x0001d2da      0xd36 Drivers\CMSIS\system_stm32f4xx.o
 .debug_info    0x0001e010     0x1256 Drivers\STM32F4xx_HAL_Driver\stm32f4xx_hal.o
 .debug_info    0x0001f266     0x1a3c Drivers\STM32F4xx_HAL_Driver\stm32f4xx_hal_adc.o
 .debug_info    0x00020ca2     0x1a13 Drivers\STM32F4xx_HAL_Driver\stm32f4xx_hal_cortex.o
 .debug_info    0x000226b5     0x1433 Drivers\STM32F4xx_HAL_Driver\stm32f4xx_hal_dac.o
 .debug_info    0x00023ae8     0x106f Drivers\STM32F4xx_HAL_Driver\stm32f4xx_hal_dac_ex.o
 .debug_info    0x00024b57     0x1441 Drivers\STM32F4xx_HAL_Driver\stm32f4xx_hal_dma.o
 .debug_info    0x00025f98     0x1101 Drivers\STM32F4xx_HAL_Driver\stm32f4xx_hal_gpio.o
 .debug_info    0x00027099     0x3a09 Drivers\STM32F4xx_HAL_Driver\stm32f4xx_hal_i2c.o
 .debug_info    0x0002aaa2     0x23a1 Drivers\STM32F4xx_HAL_Driver\stm32f4xx_hal_ltdc.o
 .debug_info    0x0002ce43     0x176b Drivers\STM32F4xx_HAL_Driver\stm32f4xx_hal_rcc.o
 .debug_info    0x0002e5ae     0x12c8 Drivers\STM32F4xx_HAL_Driver\stm32f4xx_hal_rcc_ex.o
 .debug_info    0x0002f876     0x15b0 Drivers\STM32F4xx_HAL_Driver\stm32f4xx_hal_sdram.o
 .debug_info    0x00030e26     0x25da Drivers\STM32F4xx_HAL_Driver\stm32f4xx_hal_spi.o
 .debug_info    0x00033400     0x4b81 Drivers\STM32F4xx_HAL_Driver\stm32f4xx_hal_tim.o
 .debug_info    0x00037f81     0x20e7 Drivers\STM32F4xx_HAL_Driver\stm32f4xx_hal_tim_ex.o
 .debug_info    0x0003a068     0x216c Drivers\STM32F4xx_HAL_Driver\stm32f4xx_hal_uart.o
 .debug_info    0x0003c1d4     0x2593 Drivers\STM32F4xx_HAL_Driver\stm32f4xx_ll_fmc.o
 .debug_info    0x0003e767       0xae Fonts\fonts.o
 .debug_info    0x0003e815     0x11de Sound\Sound.o
 .debug_info    0x0003f9f3      0x965 Sound\wavDroppedBall.o
 .debug_info    0x00040358      0x965 Sound\wavGameOver.o
 .debug_info    0x00040cbd      0x963 Sound\wavLevelUp.o
 .debug_info    0x00041620      0x963 Sound\wavPlayerBounce.o
 .debug_info    0x00041f83      0x963 Sound\wavTileBounce.o
 .debug_info    0x000428e6      0x963 Sound\wavWallBounce.o
 .debug_info    0x00043249     0x248b Sprite\Sprite.o
 .debug_info    0x000456d4     0x19e8 TouchPanel\TouchPanel.o

.debug_abbrev   0x00000000     0x7e68
 .debug_abbrev  0x00000000       0x12 Application\TrueSTUDIO\startup_stm32f429xx.o
 .debug_abbrev  0x00000012      0x238 Application\User\adc.o
 .debug_abbrev  0x0000024a      0x230 Application\User\dac.o
 .debug_abbrev  0x0000047a      0x1f5 Application\User\dma.o
 .debug_abbrev  0x0000066f      0x2b9 Application\User\fmc.o
 .debug_abbrev  0x00000928      0x211 Application\User\gpio.o
 .debug_abbrev  0x00000b39      0x229 Application\User\i2c.o
 .debug_abbrev  0x00000d62      0x230 Application\User\ltdc.o
 .debug_abbrev  0x00000f92      0x2c8 Application\User\main.o
 .debug_abbrev  0x0000125a      0x227 Application\User\spi.o
 .debug_abbrev  0x00001481      0x1d3 Application\User\stm32f4xx_hal_msp.o
 .debug_abbrev  0x00001654      0x258 Application\User\stm32f4xx_hal_timebase_TIM.o
 .debug_abbrev  0x000018ac      0x233 Application\User\stm32f4xx_it.o
 .debug_abbrev  0x00001adf      0x2ba Application\User\tim.o
 .debug_abbrev  0x00001d99      0x24c Application\User\usart.o
 .debug_abbrev  0x00001fe5      0x17a Bitmap\imgBall.o
 .debug_abbrev  0x0000215f      0x17a Bitmap\imgPlayer.o
 .debug_abbrev  0x000022d9      0x17a Bitmap\imgTile.o
 .debug_abbrev  0x00002453      0x17a Bitmap\imgTileBlank.o
 .debug_abbrev  0x000025cd      0x211 Controls\SlidePot.o
 .debug_abbrev  0x000027de      0x3c3 Display\Graphics.o
 .debug_abbrev  0x00002ba1      0x24d Display\Memory.o
 .debug_abbrev  0x00002dee      0x1f5 Display\ili9341.o
 .debug_abbrev  0x00002fe3      0x42d Display\stm32f429i_discovery.o
 .debug_abbrev  0x00003410      0x1ca Drivers\CMSIS\system_stm32f4xx.o
 .debug_abbrev  0x000035da      0x324 Drivers\STM32F4xx_HAL_Driver\stm32f4xx_hal.o
 .debug_abbrev  0x000038fe      0x355 Drivers\STM32F4xx_HAL_Driver\stm32f4xx_hal_adc.o
 .debug_abbrev  0x00003c53      0x3bb Drivers\STM32F4xx_HAL_Driver\stm32f4xx_hal_cortex.o
 .debug_abbrev  0x0000400e      0x2e5 Drivers\STM32F4xx_HAL_Driver\stm32f4xx_hal_dac.o
 .debug_abbrev  0x000042f3      0x2a1 Drivers\STM32F4xx_HAL_Driver\stm32f4xx_hal_dac_ex.o
 .debug_abbrev  0x00004594      0x35d Drivers\STM32F4xx_HAL_Driver\stm32f4xx_hal_dma.o
 .debug_abbrev  0x000048f1      0x2ae Drivers\STM32F4xx_HAL_Driver\stm32f4xx_hal_gpio.o
 .debug_abbrev  0x00004b9f      0x3b4 Drivers\STM32F4xx_HAL_Driver\stm32f4xx_hal_i2c.o
 .debug_abbrev  0x00004f53      0x2f1 Drivers\STM32F4xx_HAL_Driver\stm32f4xx_hal_ltdc.o
 .debug_abbrev  0x00005244      0x3b5 Drivers\STM32F4xx_HAL_Driver\stm32f4xx_hal_rcc.o
 .debug_abbrev  0x000055f9      0x2e5 Drivers\STM32F4xx_HAL_Driver\stm32f4xx_hal_rcc_ex.o
 .debug_abbrev  0x000058de      0x2da Drivers\STM32F4xx_HAL_Driver\stm32f4xx_hal_sdram.o
 .debug_abbrev  0x00005bb8      0x3ac Drivers\STM32F4xx_HAL_Driver\stm32f4xx_hal_spi.o
 .debug_abbrev  0x00005f64      0x390 Drivers\STM32F4xx_HAL_Driver\stm32f4xx_hal_tim.o
 .debug_abbrev  0x000062f4      0x2de Drivers\STM32F4xx_HAL_Driver\stm32f4xx_hal_tim_ex.o
 .debug_abbrev  0x000065d2      0x397 Drivers\STM32F4xx_HAL_Driver\stm32f4xx_hal_uart.o
 .debug_abbrev  0x00006969      0x262 Drivers\STM32F4xx_HAL_Driver\stm32f4xx_ll_fmc.o
 .debug_abbrev  0x00006bcb       0x66 Fonts\fonts.o
 .debug_abbrev  0x00006c31      0x235 Sound\Sound.o
 .debug_abbrev  0x00006e66      0x17a Sound\wavDroppedBall.o
 .debug_abbrev  0x00006fe0      0x17a Sound\wavGameOver.o
 .debug_abbrev  0x0000715a      0x17a Sound\wavLevelUp.o
 .debug_abbrev  0x000072d4      0x17a Sound\wavPlayerBounce.o
 .debug_abbrev  0x0000744e      0x17a Sound\wavTileBounce.o
 .debug_abbrev  0x000075c8      0x17a Sound\wavWallBounce.o
 .debug_abbrev  0x00007742      0x423 Sprite\Sprite.o
 .debug_abbrev  0x00007b65      0x303 TouchPanel\TouchPanel.o

.debug_aranges  0x00000000     0x1878
 .debug_aranges
                0x00000000       0x28 Application\TrueSTUDIO\startup_stm32f429xx.o
 .debug_aranges
                0x00000028       0x30 Application\User\adc.o
 .debug_aranges
                0x00000058       0x30 Application\User\dac.o
 .debug_aranges
                0x00000088       0x20 Application\User\dma.o
 .debug_aranges
                0x000000a8       0x30 Application\User\fmc.o
 .debug_aranges
                0x000000d8       0x20 Application\User\gpio.o
 .debug_aranges
                0x000000f8       0x30 Application\User\i2c.o
 .debug_aranges
                0x00000128       0x30 Application\User\ltdc.o
 .debug_aranges
                0x00000158       0x40 Application\User\main.o
 .debug_aranges
                0x00000198       0x30 Application\User\spi.o
 .debug_aranges
                0x000001c8       0x20 Application\User\stm32f4xx_hal_msp.o
 .debug_aranges
                0x000001e8       0x30 Application\User\stm32f4xx_hal_timebase_TIM.o
 .debug_aranges
                0x00000218       0x70 Application\User\stm32f4xx_it.o
 .debug_aranges
                0x00000288       0x58 Application\User\tim.o
 .debug_aranges
                0x000002e0       0x30 Application\User\usart.o
 .debug_aranges
                0x00000310       0x18 Bitmap\imgBall.o
 .debug_aranges
                0x00000328       0x18 Bitmap\imgPlayer.o
 .debug_aranges
                0x00000340       0x18 Bitmap\imgTile.o
 .debug_aranges
                0x00000358       0x18 Bitmap\imgTileBlank.o
 .debug_aranges
                0x00000370       0x38 Controls\SlidePot.o
 .debug_aranges
                0x000003a8       0xa0 Display\Graphics.o
 .debug_aranges
                0x00000448       0x30 Display\Memory.o
 .debug_aranges
                0x00000478       0x60 Display\ili9341.o
 .debug_aranges
                0x000004d8       0xe8 Display\stm32f429i_discovery.o
 .debug_aranges
                0x000005c0       0x28 Drivers\CMSIS\system_stm32f4xx.o
 .debug_aranges
                0x000005e8       0xd0 Drivers\STM32F4xx_HAL_Driver\stm32f4xx_hal.o
 .debug_aranges
                0x000006b8       0xb8 Drivers\STM32F4xx_HAL_Driver\stm32f4xx_hal_adc.o
 .debug_aranges
                0x00000770       0xa8 Drivers\STM32F4xx_HAL_Driver\stm32f4xx_hal_cortex.o
 .debug_aranges
                0x00000818       0x98 Drivers\STM32F4xx_HAL_Driver\stm32f4xx_hal_dac.o
 .debug_aranges
                0x000008b0       0x58 Drivers\STM32F4xx_HAL_Driver\stm32f4xx_hal_dac_ex.o
 .debug_aranges
                0x00000908       0x80 Drivers\STM32F4xx_HAL_Driver\stm32f4xx_hal_dma.o
 .debug_aranges
                0x00000988       0x58 Drivers\STM32F4xx_HAL_Driver\stm32f4xx_hal_gpio.o
 .debug_aranges
                0x000009e0      0x190 Drivers\STM32F4xx_HAL_Driver\stm32f4xx_hal_i2c.o
 .debug_aranges
                0x00000b70      0x138 Drivers\STM32F4xx_HAL_Driver\stm32f4xx_hal_ltdc.o
 .debug_aranges
                0x00000ca8       0x80 Drivers\STM32F4xx_HAL_Driver\stm32f4xx_hal_rcc.o
 .debug_aranges
                0x00000d28       0x38 Drivers\STM32F4xx_HAL_Driver\stm32f4xx_hal_rcc_ex.o
 .debug_aranges
                0x00000d60       0xb0 Drivers\STM32F4xx_HAL_Driver\stm32f4xx_hal_sdram.o
 .debug_aranges
                0x00000e10      0x180 Drivers\STM32F4xx_HAL_Driver\stm32f4xx_hal_spi.o
 .debug_aranges
                0x00000f90      0x280 Drivers\STM32F4xx_HAL_Driver\stm32f4xx_hal_tim.o
 .debug_aranges
                0x00001210      0x128 Drivers\STM32F4xx_HAL_Driver\stm32f4xx_hal_tim_ex.o
 .debug_aranges
                0x00001338      0x170 Drivers\STM32F4xx_HAL_Driver\stm32f4xx_hal_uart.o
 .debug_aranges
                0x000014a8       0xf0 Drivers\STM32F4xx_HAL_Driver\stm32f4xx_ll_fmc.o
 .debug_aranges
                0x00001598       0x18 Fonts\fonts.o
 .debug_aranges
                0x000015b0       0x60 Sound\Sound.o
 .debug_aranges
                0x00001610       0x18 Sound\wavDroppedBall.o
 .debug_aranges
                0x00001628       0x18 Sound\wavGameOver.o
 .debug_aranges
                0x00001640       0x18 Sound\wavLevelUp.o
 .debug_aranges
                0x00001658       0x18 Sound\wavPlayerBounce.o
 .debug_aranges
                0x00001670       0x18 Sound\wavTileBounce.o
 .debug_aranges
                0x00001688       0x18 Sound\wavWallBounce.o
 .debug_aranges
                0x000016a0      0x120 Sprite\Sprite.o
 .debug_aranges
                0x000017c0       0xb8 TouchPanel\TouchPanel.o

.debug_ranges   0x00000000     0x2040
 .debug_ranges  0x00000000       0x20 Application\TrueSTUDIO\startup_stm32f429xx.o
 .debug_ranges  0x00000020       0x40 Application\User\adc.o
 .debug_ranges  0x00000060       0x40 Application\User\dac.o
 .debug_ranges  0x000000a0       0x30 Application\User\dma.o
 .debug_ranges  0x000000d0       0x80 Application\User\fmc.o
 .debug_ranges  0x00000150       0x40 Application\User\gpio.o
 .debug_ranges  0x00000190       0x20 Application\User\i2c.o
 .debug_ranges  0x000001b0       0x48 Application\User\ltdc.o
 .debug_ranges  0x000001f8       0x30 Application\User\main.o
 .debug_ranges  0x00000228       0x40 Application\User\spi.o
 .debug_ranges  0x00000268       0x10 Application\User\stm32f4xx_hal_msp.o
 .debug_ranges  0x00000278       0x40 Application\User\stm32f4xx_hal_timebase_TIM.o
 .debug_ranges  0x000002b8       0x60 Application\User\stm32f4xx_it.o
 .debug_ranges  0x00000318       0x78 Application\User\tim.o
 .debug_ranges  0x00000390       0x38 Application\User\usart.o
 .debug_ranges  0x000003c8       0x28 Controls\SlidePot.o
 .debug_ranges  0x000003f0      0x140 Display\Graphics.o
 .debug_ranges  0x00000530       0x40 Display\Memory.o
 .debug_ranges  0x00000570       0x68 Display\ili9341.o
 .debug_ranges  0x000005d8      0x288 Display\stm32f429i_discovery.o
 .debug_ranges  0x00000860       0x18 Drivers\CMSIS\system_stm32f4xx.o
 .debug_ranges  0x00000878       0xc0 Drivers\STM32F4xx_HAL_Driver\stm32f4xx_hal.o
 .debug_ranges  0x00000938       0xc8 Drivers\STM32F4xx_HAL_Driver\stm32f4xx_hal_adc.o
 .debug_ranges  0x00000a00       0xe0 Drivers\STM32F4xx_HAL_Driver\stm32f4xx_hal_cortex.o
 .debug_ranges  0x00000ae0       0x88 Drivers\STM32F4xx_HAL_Driver\stm32f4xx_hal_dac.o
 .debug_ranges  0x00000b68       0x48 Drivers\STM32F4xx_HAL_Driver\stm32f4xx_hal_dac_ex.o
 .debug_ranges  0x00000bb0       0xb0 Drivers\STM32F4xx_HAL_Driver\stm32f4xx_hal_dma.o
 .debug_ranges  0x00000c60       0x60 Drivers\STM32F4xx_HAL_Driver\stm32f4xx_hal_gpio.o